Archive member included to satisfy reference by file (symbol)

c:/st/stm32cubeide_1.12.0/stm32cubeide/plugins/com.st.stm32cube.ide.mcu.externaltools.gnu-tools-for-stm32.10.3-2021.10.win32_1.0.200.202301161003/tools/bin/../lib/gcc/arm-none-eabi/10.3.1/../../../../arm-none-eabi/lib/thumb/v7e-m+fp/hard\libc_nano.a(lib_a-errno.o)
                              ./Core/Src/syscalls.o (__errno)
c:/st/stm32cubeide_1.12.0/stm32cubeide/plugins/com.st.stm32cube.ide.mcu.externaltools.gnu-tools-for-stm32.10.3-2021.10.win32_1.0.200.202301161003/tools/bin/../lib/gcc/arm-none-eabi/10.3.1/../../../../arm-none-eabi/lib/thumb/v7e-m+fp/hard\libc_nano.a(lib_a-exit.o)
                              c:/st/stm32cubeide_1.12.0/stm32cubeide/plugins/com.st.stm32cube.ide.mcu.externaltools.gnu-tools-for-stm32.10.3-2021.10.win32_1.0.200.202301161003/tools/bin/../lib/gcc/arm-none-eabi/10.3.1/../../../../arm-none-eabi/lib/thumb/v7e-m+fp/hard/crt0.o (exit)
c:/st/stm32cubeide_1.12.0/stm32cubeide/plugins/com.st.stm32cube.ide.mcu.externaltools.gnu-tools-for-stm32.10.3-2021.10.win32_1.0.200.202301161003/tools/bin/../lib/gcc/arm-none-eabi/10.3.1/../../../../arm-none-eabi/lib/thumb/v7e-m+fp/hard\libc_nano.a(lib_a-impure.o)
                              c:/st/stm32cubeide_1.12.0/stm32cubeide/plugins/com.st.stm32cube.ide.mcu.externaltools.gnu-tools-for-stm32.10.3-2021.10.win32_1.0.200.202301161003/tools/bin/../lib/gcc/arm-none-eabi/10.3.1/../../../../arm-none-eabi/lib/thumb/v7e-m+fp/hard\libc_nano.a(lib_a-exit.o) (_global_impure_ptr)
c:/st/stm32cubeide_1.12.0/stm32cubeide/plugins/com.st.stm32cube.ide.mcu.externaltools.gnu-tools-for-stm32.10.3-2021.10.win32_1.0.200.202301161003/tools/bin/../lib/gcc/arm-none-eabi/10.3.1/../../../../arm-none-eabi/lib/thumb/v7e-m+fp/hard\libc_nano.a(lib_a-init.o)
                              c:/st/stm32cubeide_1.12.0/stm32cubeide/plugins/com.st.stm32cube.ide.mcu.externaltools.gnu-tools-for-stm32.10.3-2021.10.win32_1.0.200.202301161003/tools/bin/../lib/gcc/arm-none-eabi/10.3.1/../../../../arm-none-eabi/lib/thumb/v7e-m+fp/hard/crt0.o (__libc_init_array)
c:/st/stm32cubeide_1.12.0/stm32cubeide/plugins/com.st.stm32cube.ide.mcu.externaltools.gnu-tools-for-stm32.10.3-2021.10.win32_1.0.200.202301161003/tools/bin/../lib/gcc/arm-none-eabi/10.3.1/../../../../arm-none-eabi/lib/thumb/v7e-m+fp/hard\libc_nano.a(lib_a-malloc.o)
                              ./Core/Src/File_Handling.o (malloc)
c:/st/stm32cubeide_1.12.0/stm32cubeide/plugins/com.st.stm32cube.ide.mcu.externaltools.gnu-tools-for-stm32.10.3-2021.10.win32_1.0.200.202301161003/tools/bin/../lib/gcc/arm-none-eabi/10.3.1/../../../../arm-none-eabi/lib/thumb/v7e-m+fp/hard\libc_nano.a(lib_a-memcpy-stub.o)
                              ./Core/Src/bno055.o (memcpy)
c:/st/stm32cubeide_1.12.0/stm32cubeide/plugins/com.st.stm32cube.ide.mcu.externaltools.gnu-tools-for-stm32.10.3-2021.10.win32_1.0.200.202301161003/tools/bin/../lib/gcc/arm-none-eabi/10.3.1/../../../../arm-none-eabi/lib/thumb/v7e-m+fp/hard\libc_nano.a(lib_a-memset.o)
                              c:/st/stm32cubeide_1.12.0/stm32cubeide/plugins/com.st.stm32cube.ide.mcu.externaltools.gnu-tools-for-stm32.10.3-2021.10.win32_1.0.200.202301161003/tools/bin/../lib/gcc/arm-none-eabi/10.3.1/../../../../arm-none-eabi/lib/thumb/v7e-m+fp/hard/crt0.o (memset)
c:/st/stm32cubeide_1.12.0/stm32cubeide/plugins/com.st.stm32cube.ide.mcu.externaltools.gnu-tools-for-stm32.10.3-2021.10.win32_1.0.200.202301161003/tools/bin/../lib/gcc/arm-none-eabi/10.3.1/../../../../arm-none-eabi/lib/thumb/v7e-m+fp/hard\libc_nano.a(lib_a-nano-freer.o)
                              c:/st/stm32cubeide_1.12.0/stm32cubeide/plugins/com.st.stm32cube.ide.mcu.externaltools.gnu-tools-for-stm32.10.3-2021.10.win32_1.0.200.202301161003/tools/bin/../lib/gcc/arm-none-eabi/10.3.1/../../../../arm-none-eabi/lib/thumb/v7e-m+fp/hard\libc_nano.a(lib_a-malloc.o) (_free_r)
c:/st/stm32cubeide_1.12.0/stm32cubeide/plugins/com.st.stm32cube.ide.mcu.externaltools.gnu-tools-for-stm32.10.3-2021.10.win32_1.0.200.202301161003/tools/bin/../lib/gcc/arm-none-eabi/10.3.1/../../../../arm-none-eabi/lib/thumb/v7e-m+fp/hard\libc_nano.a(lib_a-nano-mallocr.o)
                              c:/st/stm32cubeide_1.12.0/stm32cubeide/plugins/com.st.stm32cube.ide.mcu.externaltools.gnu-tools-for-stm32.10.3-2021.10.win32_1.0.200.202301161003/tools/bin/../lib/gcc/arm-none-eabi/10.3.1/../../../../arm-none-eabi/lib/thumb/v7e-m+fp/hard\libc_nano.a(lib_a-malloc.o) (_malloc_r)
c:/st/stm32cubeide_1.12.0/stm32cubeide/plugins/com.st.stm32cube.ide.mcu.externaltools.gnu-tools-for-stm32.10.3-2021.10.win32_1.0.200.202301161003/tools/bin/../lib/gcc/arm-none-eabi/10.3.1/../../../../arm-none-eabi/lib/thumb/v7e-m+fp/hard\libc_nano.a(lib_a-printf.o)
                              ./Core/Src/bno055.o (printf)
[...]
Memory Configuration

Name             Origin             Length             Attributes
CCMRAM           0x0000000010000000 0x0000000000010000 xrw
RAM              0x0000000020000000 0x0000000000020000 xrw
FLASH            0x0000000008000000 0x0000000000100000 xr
*default*        0x0000000000000000 0xffffffffffffffff

Linker script and memory map

LOAD c:/st/stm32cubeide_1.12.0/stm32cubeide/plugins/com.st.stm32cube.ide.mcu.externaltools.gnu-tools-for-stm32.10.3-2021.10.win32_1.0.200.202301161003/tools/bin/../lib/gcc/arm-none-eabi/10.3.1/thumb/v7e-m+fp/hard/crti.o
LOAD c:/st/stm32cubeide_1.12.0/stm32cubeide/plugins/com.st.stm32cube.ide.mcu.externaltools.gnu-tools-for-stm32.10.3-2021.10.win32_1.0.200.202301161003/tools/bin/../lib/gcc/arm-none-eabi/10.3.1/thumb/v7e-m+fp/hard/crtbegin.o
LOAD c:/st/stm32cubeide_1.12.0/stm32cubeide/plugins/com.st.stm32cube.ide.mcu.externaltools.gnu-tools-for-stm32.10.3-2021.10.win32_1.0.200.202301161003/tools/bin/../lib/gcc/arm-none-eabi/10.3.1/../../../../arm-none-eabi/lib/thumb/v7e-m+fp/hard/crt0.o
LOAD ./Core/Src/File_Handling.o
LOAD ./Core/Src/KalmanFilter.o
LOAD ./Core/Src/bme280.o
LOAD ./Core/Src/bno055.o
LOAD ./Core/Src/lwgps.o
LOAD ./Core/Src/main.o
LOAD ./Core/Src/neo8m.o
LOAD ./Core/Src/stm32f4xx_hal_msp.o
LOAD ./Core/Src/stm32f4xx_hal_timebase_tim.o
LOAD ./Core/Src/stm32f4xx_it.o
LOAD ./Core/Src/syscalls.o
LOAD ./Core/Src/sysmem.o
LOAD ./Core/Src/system_stm32f4xx.o
LOAD ./Core/Startup/startup_stm32f407vgtx.o
LOAD ./Drivers/STM32F4xx_HAL_Driver/Src/stm32f4xx_hal.o
LOAD ./Drivers/STM32F4xx_HAL_Driver/Src/stm32f4xx_hal_cortex.o
LOAD ./Drivers/STM32F4xx_HAL_Driver/Src/stm32f4xx_hal_dma.o
LOAD ./Drivers/STM32F4xx_HAL_Driver/Src/stm32f4xx_hal_dma_ex.o
LOAD ./Drivers/STM32F4xx_HAL_Driver/Src/stm32f4xx_hal_exti.o
LOAD ./Drivers/STM32F4xx_HAL_Driver/Src/stm32f4xx_hal_flash.o
LOAD ./Drivers/STM32F4xx_HAL_Driver/Src/stm32f4xx_hal_flash_ex.o
LOAD ./Drivers/STM32F4xx_HAL_Driver/Src/stm32f4xx_hal_flash_ramfunc.o
LOAD ./Drivers/STM32F4xx_HAL_Driver/Src/stm32f4xx_hal_gpio.o
LOAD ./Drivers/STM32F4xx_HAL_Driver/Src/stm32f4xx_hal_i2c.o
LOAD ./Drivers/STM32F4xx_HAL_Driver/Src/stm32f4xx_hal_i2c_ex.o
LOAD ./Drivers/STM32F4xx_HAL_Driver/Src/stm32f4xx_hal_pwr.o
LOAD ./Drivers/STM32F4xx_HAL_Driver/Src/stm32f4xx_hal_pwr_ex.o
LOAD ./Drivers/STM32F4xx_HAL_Driver/Src/stm32f4xx_hal_rcc.o
LOAD ./Drivers/STM32F4xx_HAL_Driver/Src/stm32f4xx_hal_rcc_ex.o
LOAD ./Drivers/STM32F4xx_HAL_Driver/Src/stm32f4xx_hal_sd.o
LOAD ./Drivers/STM32F4xx_HAL_Driver/Src/stm32f4xx_hal_spi.o
LOAD ./Drivers/STM32F4xx_HAL_Driver/Src/stm32f4xx_hal_tim.o
LOAD ./Drivers/STM32F4xx_HAL_Driver/Src/stm32f4xx_hal_tim_ex.o
LOAD ./Drivers/STM32F4xx_HAL_Driver/Src/stm32f4xx_hal_uart.o
LOAD ./Drivers/STM32F4xx_HAL_Driver/Src/stm32f4xx_ll_sdmmc.o
LOAD ./FATFS/App/fatfs.o
LOAD ./FATFS/Target/bsp_driver_sd.o
LOAD ./FATFS/Target/sd_diskio.o
LOAD ./Middlewares/Third_Party/FatFs/src/diskio.o
LOAD ./Middlewares/Third_Party/FatFs/src/ff.o
LOAD ./Middlewares/Third_Party/FatFs/src/ff_gen_drv.o
LOAD ./Middlewares/Third_Party/FatFs/src/option/syscall.o
LOAD ./Third_Party/FreeRTOS/croutine.o
LOAD ./Third_Party/FreeRTOS/event_groups.o
LOAD ./Third_Party/FreeRTOS/list.o
LOAD ./Third_Party/FreeRTOS/queue.o
LOAD ./Third_Party/FreeRTOS/stream_buffer.o
LOAD ./Third_Party/FreeRTOS/tasks.o
LOAD ./Third_Party/FreeRTOS/timers.o
LOAD ./Third_Party/FreeRTOS/portable/GCC/ARM_CM4F/port.o
LOAD ./Third_Party/FreeRTOS/portable/MemMang/heap_4.o
START GROUP
LOAD c:/st/stm32cubeide_1.12.0/stm32cubeide/plugins/com.st.stm32cube.ide.mcu.externaltools.gnu-tools-for-stm32.10.3-2021.10.win32_1.0.200.202301161003/tools/bin/../lib/gcc/arm-none-eabi/10.3.1/../../../../arm-none-eabi/lib/thumb/v7e-m+fp/hard\libc_nano.a
LOAD c:/st/stm32cubeide_1.12.0/stm32cubeide/plugins/com.st.stm32cube.ide.mcu.externaltools.gnu-tools-for-stm32.10.3-2021.10.win32_1.0.200.202301161003/tools/bin/../lib/gcc/arm-none-eabi/10.3.1/../../../../arm-none-eabi/lib/thumb/v7e-m+fp/hard\libm.a
END GROUP
START GROUP
LOAD c:/st/stm32cubeide_1.12.0/stm32cubeide/plugins/com.st.stm32cube.ide.mcu.externaltools.gnu-tools-for-stm32.10.3-2021.10.win32_1.0.200.202301161003/tools/bin/../lib/gcc/arm-none-eabi/10.3.1/thumb/v7e-m+fp/hard\libgcc.a
LOAD c:/st/stm32cubeide_1.12.0/stm32cubeide/plugins/com.st.stm32cube.ide.mcu.externaltools.gnu-tools-for-stm32.10.3-2021.10.win32_1.0.200.202301161003/tools/bin/../lib/gcc/arm-none-eabi/10.3.1/../../../../arm-none-eabi/lib/thumb/v7e-m+fp/hard\libc_nano.a
END GROUP
START GROUP
LOAD c:/st/stm32cubeide_1.12.0/stm32cubeide/plugins/com.st.stm32cube.ide.mcu.externaltools.gnu-tools-for-stm32.10.3-2021.10.win32_1.0.200.202301161003/tools/bin/../lib/gcc/arm-none-eabi/10.3.1/thumb/v7e-m+fp/hard\libgcc.a
LOAD c:/st/stm32cubeide_1.12.0/stm32cubeide/plugins/com.st.stm32cube.ide.mcu.externaltools.gnu-tools-for-stm32.10.3-2021.10.win32_1.0.200.202301161003/tools/bin/../lib/gcc/arm-none-eabi/10.3.1/../../../../arm-none-eabi/lib/thumb/v7e-m+fp/hard\libc_nano.a
LOAD c:/st/stm32cubeide_1.12.0/stm32cubeide/plugins/com.st.stm32cube.ide.mcu.externaltools.gnu-tools-for-stm32.10.3-2021.10.win32_1.0.200.202301161003/tools/bin/../lib/gcc/arm-none-eabi/10.3.1/../../../../arm-none-eabi/lib/thumb/v7e-m+fp/hard\libnosys.a
END GROUP
START GROUP
LOAD c:/st/stm32cubeide_1.12.0/stm32cubeide/plugins/com.st.stm32cube.ide.mcu.externaltools.gnu-tools-for-stm32.10.3-2021.10.win32_1.0.200.202301161003/tools/bin/../lib/gcc/arm-none-eabi/10.3.1/thumb/v7e-m+fp/hard\libgcc.a
LOAD c:/st/stm32cubeide_1.12.0/stm32cubeide/plugins/com.st.stm32cube.ide.mcu.externaltools.gnu-tools-for-stm32.10.3-2021.10.win32_1.0.200.202301161003/tools/bin/../lib/gcc/arm-none-eabi/10.3.1/../../../../arm-none-eabi/lib/thumb/v7e-m+fp/hard\libc_nano.a
LOAD c:/st/stm32cubeide_1.12.0/stm32cubeide/plugins/com.st.stm32cube.ide.mcu.externaltools.gnu-tools-for-stm32.10.3-2021.10.win32_1.0.200.202301161003/tools/bin/../lib/gcc/arm-none-eabi/10.3.1/../../../../arm-none-eabi/lib/thumb/v7e-m+fp/hard\libnosys.a
END GROUP
LOAD c:/st/stm32cubeide_1.12.0/stm32cubeide/plugins/com.st.stm32cube.ide.mcu.externaltools.gnu-tools-for-stm32.10.3-2021.10.win32_1.0.200.202301161003/tools/bin/../lib/gcc/arm-none-eabi/10.3.1/thumb/v7e-m+fp/hard/crtend.o
LOAD c:/st/stm32cubeide_1.12.0/stm32cubeide/plugins/com.st.stm32cube.ide.mcu.externaltools.gnu-tools-for-stm32.10.3-2021.10.win32_1.0.200.202301161003/tools/bin/../lib/gcc/arm-none-eabi/10.3.1/thumb/v7e-m+fp/hard/crtn.o
                0x0000000020020000                _estack = (ORIGIN (RAM) + LENGTH (RAM))
                0x0000000000000200                _Min_Heap_Size = 0x200
                0x0000000000000400                _Min_Stack_Size = 0x400

.isr_vector     0x0000000008000000      0x188
                0x0000000008000000                . = ALIGN (0x4)
 *(.isr_vector)
 .isr_vector    0x0000000008000000      0x188 ./Core/Startup/startup_stm32f407vgtx.o
                0x0000000008000000                g_pfnVectors
                0x0000000008000188                . = ALIGN (0x4)

.text           0x0000000008000190    0x11014
                0x0000000008000190                . = ALIGN (0x4)
 *(.text)
 .text          0x0000000008000190       0x40 c:/st/stm32cubeide_1.12.0/stm32cubeide/plugins/com.st.stm32cube.ide.mcu.externaltools.gnu-tools-for-stm32.10.3-2021.10.win32_1.0.200.202301161003/tools/bin/../lib/gcc/arm-none-eabi/10.3.1/thumb/v7e-m+fp/hard/crtbegin.o
 .text          0x00000000080001d0       0x14 c:/st/stm32cubeide_1.12.0/stm32cubeide/plugins/com.st.stm32cube.ide.mcu.externaltools.gnu-tools-for-stm32.10.3-2021.10.win32_1.0.200.202301161003/tools/bin/../lib/gcc/arm-none-eabi/10.3.1/../../../../arm-none-eabi/lib/thumb/v7e-m+fp/hard\libc_nano.a(lib_a-strcmp.o)
                0x00000000080001d0                strcmp
 .text          0x00000000080001e4       0x10 c:/st/stm32cubeide_1.12.0/stm32cubeide/plugins/com.st.stm32cube.ide.mcu.externaltools.gnu-tools-for-stm32.10.3-2021.10.win32_1.0.200.202301161003/tools/bin/../lib/gcc/arm-none-eabi/10.3.1/../../../../arm-none-eabi/lib/thumb/v7e-m+fp/hard\libc_nano.a(lib_a-strlen.o)
                0x00000000080001e4                strlen
 *fill*         0x00000000080001f4        0xc 
 .text          0x0000000008000200       0xa0 c:/st/stm32cubeide_1.12.0/stm32cubeide/plugins/com.st.stm32cube.ide.mcu.externaltools.gnu-tools-for-stm32.10.3-2021.10.win32_1.0.200.202301161003/tools/bin/../lib/gcc/arm-none-eabi/10.3.1/../../../../arm-none-eabi/lib/thumb/v7e-m+fp/hard\libc_nano.a(lib_a-memchr.o)
                0x0000000008000200                memchr
 .text          0x00000000080002a0      0x378 c:/st/stm32cubeide_1.12.0/stm32cubeide/plugins/com.st.stm32cube.ide.mcu.externaltools.gnu-tools-for-stm32.10.3-2021.10.win32_1.0.200.202301161003/tools/bin/../lib/gcc/arm-none-eabi/10.3.1/thumb/v7e-m+fp/hard\libgcc.a(_arm_addsubdf3.o)
                0x00000000080002a0                __aeabi_drsub
                0x00000000080002a8                __aeabi_dsub
                0x00000000080002a8                __subdf3
                0x00000000080002ac                __aeabi_dadd
                0x00000000080002ac                __adddf3
                0x0000000008000524                __floatunsidf
                0x0000000008000524                __aeabi_ui2d
                0x0000000008000544                __floatsidf
                0x0000000008000544                __aeabi_i2d
                0x0000000008000568                __aeabi_f2d
                0x0000000008000568                __extendsfdf2
                0x00000000080005ac                __floatundidf
                0x00000000080005ac                __aeabi_ul2d
                0x00000000080005bc                __floatdidf
                0x00000000080005bc                __aeabi_l2d
 .text          0x0000000008000618      0x424 c:/st/stm32cubeide_1.12.0/stm32cubeide/plugins/com.st.stm32cube.ide.mcu.externaltools.gnu-tools-for-stm32.10.3-2021.10.win32_1.0.200.202301161003/tools/bin/../lib/gcc/arm-none-eabi/10.3.1/thumb/v7e-m+fp/hard\libgcc.a(_arm_muldivdf3.o)
                0x0000000008000618                __aeabi_dmul
                0x0000000008000618                __muldf3
                0x000000000800086c                __divdf3
                0x000000000800086c                __aeabi_ddiv
 .text          0x0000000008000a3c      0x110 c:/st/stm32cubeide_1.12.0/stm32cubeide/plugins/com.st.stm32cube.ide.mcu.externaltools.gnu-tools-for-stm32.10.3-2021.10.win32_1.0.200.202301161003/tools/bin/../lib/gcc/arm-none-eabi/10.3.1/thumb/v7e-m+fp/hard\libgcc.a(_arm_cmpdf2.o)
                0x0000000008000a3c                __gtdf2
                0x0000000008000a3c                __gedf2
                0x0000000008000a44                __ltdf2
                0x0000000008000a44                __ledf2
                0x0000000008000a4c                __nedf2
                0x0000000008000a4c                __eqdf2
                0x0000000008000a4c                __cmpdf2
                0x0000000008000ac8                __aeabi_cdrcmple
                0x0000000008000ad8                __aeabi_cdcmpeq
                0x0000000008000ad8                __aeabi_cdcmple
                0x0000000008000ae8                __aeabi_dcmpeq
                0x0000000008000afc                __aeabi_dcmplt
                0x0000000008000b10                __aeabi_dcmple
                0x0000000008000b24                __aeabi_dcmpge
                0x0000000008000b38                __aeabi_dcmpgt
 .text          0x0000000008000b4c       0x2c c:/st/stm32cubeide_1.12.0/stm32cubeide/plugins/com.st.stm32cube.ide.mcu.externaltools.gnu-tools-for-stm32.10.3-2021.10.win32_1.0.200.202301161003/tools/bin/../lib/gcc/arm-none-eabi/10.3.1/thumb/v7e-m+fp/hard\libgcc.a(_arm_unorddf2.o)
                0x0000000008000b4c                __unorddf2
                0x0000000008000b4c                __aeabi_dcmpun
 .text          0x0000000008000b78       0xa0 c:/st/stm32cubeide_1.12.0/stm32cubeide/plugins/com.st.stm32cube.ide.mcu.externaltools.gnu-tools-for-stm32.10.3-2021.10.win32_1.0.200.202301161003/tools/bin/../lib/gcc/arm-none-eabi/10.3.1/thumb/v7e-m+fp/hard\libgcc.a(_arm_truncdfsf2.o)
                0x0000000008000b78                __truncdfsf2
                0x0000000008000b78                __aeabi_d2f
 .text          0x0000000008000c18       0xa0 c:/st/stm32cubeide_1.12.0/stm32cubeide/plugins/com.st.stm32cube.ide.mcu.externaltools.gnu-tools-for-stm32.10.3-2021.10.win32_1.0.200.202301161003/tools/bin/../lib/gcc/arm-none-eabi/10.3.1/thumb/v7e-m+fp/hard\libgcc.a(_aeabi_ldivmod.o)
                0x0000000008000c18                __aeabi_ldivmod
 .text          0x0000000008000cb8       0x30 c:/st/stm32cubeide_1.12.0/stm32cubeide/plugins/com.st.stm32cube.ide.mcu.externaltools.gnu-tools-for-stm32.10.3-2021.10.win32_1.0.200.202301161003/tools/bin/../lib/gcc/arm-none-eabi/10.3.1/thumb/v7e-m+fp/hard\libgcc.a(_aeabi_uldivmod.o)
                0x0000000008000cb8                __aeabi_uldivmod
 .text          0x0000000008000ce8      0x2d0 c:/st/stm32cubeide_1.12.0/stm32cubeide/plugins/com.st.stm32cube.ide.mcu.externaltools.gnu-tools-for-stm32.10.3-2021.10.win32_1.0.200.202301161003/tools/bin/../lib/gcc/arm-none-eabi/10.3.1/thumb/v7e-m+fp/hard\libgcc.a(_udivmoddi4.o)
                0x0000000008000ce8                __udivmoddi4
 .text          0x0000000008000fb8        0x4 c:/st/stm32cubeide_1.12.0/stm32cubeide/plugins/com.st.stm32cube.ide.mcu.externaltools.gnu-tools-for-stm32.10.3-2021.10.win32_1.0.200.202301161003/tools/bin/../lib/gcc/arm-none-eabi/10.3.1/thumb/v7e-m+fp/hard\libgcc.a(_dvmd_tls.o)
                0x0000000008000fb8                __aeabi_idiv0
                0x0000000008000fb8                __aeabi_ldiv0
 *(.text*)
 .text.Send_Uart
                0x0000000008000fbc       0x2c ./Core/Src/File_Handling.o
                0x0000000008000fbc                Send_Uart
 .text.Mount_SD
                0x0000000008000fe8       0x48 ./Core/Src/File_Handling.o
                0x0000000008000fe8                Mount_SD
 .text.Unmount_SD
                0x0000000008001030       0x44 ./Core/Src/File_Handling.o
                0x0000000008001030                Unmount_SD
 .text.Format_SD
                0x0000000008001074       0xcc ./Core/Src/File_Handling.o
                0x0000000008001074                Format_SD
 .text.Create_File
                0x0000000008001140      0x138 ./Core/Src/File_Handling.o
                0x0000000008001140                Create_File
 .text.Update_File
                0x0000000008001278      0x18c ./Core/Src/File_Handling.o
                0x0000000008001278                Update_File
 .text.KalmanFilter_Init
                0x0000000008001404       0x4a ./Core/Src/KalmanFilter.o
                0x0000000008001404                KalmanFilter_Init
 .text.updateEstimate
                0x000000000800144e       0xb2 ./Core/Src/KalmanFilter.o
                0x000000000800144e                updateEstimate
 .text.TrimRead
                0x0000000008001500      0x20c ./Core/Src/bme280.o
                0x0000000008001500                TrimRead
 .text.BME280_Config
                0x000000000800170c      0x1ac ./Core/Src/bme280.o
                0x000000000800170c                BME280_Config
 .text.BMEReadRaw
                0x00000000080018b8       0xa0 ./Core/Src/bme280.o
                0x00000000080018b8                BMEReadRaw
 .text.BME280_compensate_T_int32
                0x0000000008001958       0x84 ./Core/Src/bme280.o
                0x0000000008001958                BME280_compensate_T_int32
 .text.BME280_compensate_P_int64
                0x00000000080019dc      0x58c ./Core/Src/bme280.o
                0x00000000080019dc                BME280_compensate_P_int64
 .text.bme280_compensate_H_int32
                0x0000000008001f68       0xd8 ./Core/Src/bme280.o
                0x0000000008001f68                bme280_compensate_H_int32
 .text.BME280_Pressure
                0x0000000008002040       0x84 ./Core/Src/bme280.o
                0x0000000008002040                BME280_Pressure
 .text.BME280_Humidity
                0x00000000080020c4       0x84 ./Core/Src/bme280.o
                0x00000000080020c4                BME280_Humidity
 .text.BME280_Temperature
                0x0000000008002148       0x84 ./Core/Src/bme280.o
                0x0000000008002148                BME280_Temperature
 *fill*         0x00000000080021cc        0x4 
 .text.BME280_Altitude
                0x00000000080021d0       0xbc ./Core/Src/bme280.o
                0x00000000080021d0                BME280_Altitude
 .text.BME280_Kalman_Alt
                0x000000000800228c      0x154 ./Core/Src/bme280.o
                0x000000000800228c                BME280_Kalman_Alt
 .text.BME280_Kalman_Press
                0x00000000080023e0      0x140 ./Core/Src/bme280.o
                0x00000000080023e0                BME280_Kalman_Press
 .text.BME280_Kalman_Hum
                0x0000000008002520      0x140 ./Core/Src/bme280.o
                0x0000000008002520                BME280_Kalman_Hum
 .text.BME280_Kalman_Temp
                0x0000000008002660      0x140 ./Core/Src/bme280.o
                0x0000000008002660                BME280_Kalman_Temp
 .text.bno055_setPage
                0x00000000080027a0       0x1c ./Core/Src/bno055.o
                0x00000000080027a0                bno055_setPage
 .text.bno055_setOperationMode
                0x00000000080027bc       0x30 ./Core/Src/bno055.o
                0x00000000080027bc                bno055_setOperationMode
 .text.bno055_setOperationModeConfig
                0x00000000080027ec        0xe ./Core/Src/bno055.o
                0x00000000080027ec                bno055_setOperationModeConfig
 .text.bno055_setOperationModeNDOF
                0x00000000080027fa        0xe ./Core/Src/bno055.o
                0x00000000080027fa                bno055_setOperationModeNDOF
 .text.bno055_reset
                0x0000000008002808       0x18 ./Core/Src/bno055.o
                0x0000000008002808                bno055_reset
 .text.bno055_setup
                0x0000000008002820       0x50 ./Core/Src/bno055.o
                0x0000000008002820                bno055_setup
 .text.bno055_getVector
                0x0000000008002870      0x288 ./Core/Src/bno055.o
                0x0000000008002870                bno055_getVector
 .text.bno055_getVectorAccelerometer
                0x0000000008002af8       0x86 ./Core/Src/bno055.o
                0x0000000008002af8                bno055_getVectorAccelerometer
 .text.bno055_getVectorGyroscope
                0x0000000008002b7e       0x86 ./Core/Src/bno055.o
                0x0000000008002b7e                bno055_getVectorGyroscope
 .text.bno055_getVectorEuler
                0x0000000008002c04       0x86 ./Core/Src/bno055.o
                0x0000000008002c04                bno055_getVectorEuler
 *fill*         0x0000000008002c8a        0x2 
 .text.bno055_assignI2C
                0x0000000008002c8c       0x20 ./Core/Src/main.o
                0x0000000008002c8c                bno055_assignI2C
 .text.bno055_delay
                0x0000000008002cac       0x18 ./Core/Src/main.o
                0x0000000008002cac                bno055_delay
 .text.bno055_writeData
                0x0000000008002cc4      0x1d8 ./Core/Src/main.o
                0x0000000008002cc4                bno055_writeData
 .text.bno055_readData
                0x0000000008002e9c       0x44 ./Core/Src/main.o
                0x0000000008002e9c                bno055_readData
 .text.main     0x0000000008002ee0      0x2a8 ./Core/Src/main.o
                0x0000000008002ee0                main
 .text.SystemClock_Config
                0x0000000008003188       0xd4 ./Core/Src/main.o
                0x0000000008003188                SystemClock_Config
 .text.MX_I2C1_Init
                0x000000000800325c       0x5c ./Core/Src/main.o
 .text.MX_I2C2_Init
                0x00000000080032b8       0x5c ./Core/Src/main.o
 .text.MX_SDIO_SD_Init
                0x0000000008003314       0x44 ./Core/Src/main.o
 .text.MX_SPI1_Init
                0x0000000008003358       0x6c ./Core/Src/main.o
 .text.MX_SPI2_Init
                0x00000000080033c4       0x6c ./Core/Src/main.o
 .text.MX_USART1_UART_Init
                0x0000000008003430       0x54 ./Core/Src/main.o
 .text.MX_USART2_UART_Init
                0x0000000008003484       0x54 ./Core/Src/main.o
 .text.MX_DMA_Init
                0x00000000080034d8       0x7c ./Core/Src/main.o
 .text.MX_GPIO_Init
                0x0000000008003554      0x128 ./Core/Src/main.o
 .text.StartUARTTask
                0x000000000800367c       0x4c ./Core/Src/main.o
                0x000000000800367c                StartUARTTask
 .text.StartBME280Task
                0x00000000080036c8      0x1a0 ./Core/Src/main.o
                0x00000000080036c8                StartBME280Task
 .text.StartBNO055Task
                0x0000000008003868      0x388 ./Core/Src/main.o
                0x0000000008003868                StartBNO055Task
 .text.StartGPSTask
                0x0000000008003bf0       0x84 ./Core/Src/main.o
                0x0000000008003bf0                StartGPSTask
 *fill*         0x0000000008003c74        0x4 
 .text.StartIgn1Task
                0x0000000008003c78       0xd8 ./Core/Src/main.o
                0x0000000008003c78                StartIgn1Task
 .text.StartIgn2Task
                0x0000000008003d50       0x78 ./Core/Src/main.o
                0x0000000008003d50                StartIgn2Task
 .text.StartSDCardTask
                0x0000000008003dc8       0x68 ./Core/Src/main.o
                0x0000000008003dc8                StartSDCardTask
 .text.calculate_velocity
                0x0000000008003e30       0x34 ./Core/Src/main.o
                0x0000000008003e30                calculate_velocity
 .text.calculate_acceleration_magnitude
                0x0000000008003e64       0x62 ./Core/Src/main.o
                0x0000000008003e64                calculate_acceleration_magnitude
 *fill*         0x0000000008003ec6        0x2 
 .text.HAL_TIM_PeriodElapsedCallback
                0x0000000008003ec8       0x24 ./Core/Src/main.o
                0x0000000008003ec8                HAL_TIM_PeriodElapsedCallback
 .text.Error_Handler
                0x0000000008003eec        0xa ./Core/Src/main.o
                0x0000000008003eec                Error_Handler
 *fill*         0x0000000008003ef6        0x2 
 .text.HAL_MspInit
                0x0000000008003ef8       0x50 ./Core/Src/stm32f4xx_hal_msp.o
                0x0000000008003ef8                HAL_MspInit
 .text.HAL_I2C_MspInit
                0x0000000008003f48       0xf8 ./Core/Src/stm32f4xx_hal_msp.o
                0x0000000008003f48                HAL_I2C_MspInit
 .text.HAL_SD_MspInit
                0x0000000008004040       0xd0 ./Core/Src/stm32f4xx_hal_msp.o
                0x0000000008004040                HAL_SD_MspInit
 .text.HAL_SPI_MspInit
                0x0000000008004110       0xfc ./Core/Src/stm32f4xx_hal_msp.o
                0x0000000008004110                HAL_SPI_MspInit
 .text.HAL_UART_MspInit
                0x000000000800420c      0x234 ./Core/Src/stm32f4xx_hal_msp.o
                0x000000000800420c                HAL_UART_MspInit
 .text.HAL_InitTick
                0x0000000008004440       0xf8 ./Core/Src/stm32f4xx_hal_timebase_tim.o
                0x0000000008004440                HAL_InitTick
 .text.NMI_Handler
                0x0000000008004538        0x6 ./Core/Src/stm32f4xx_it.o
                0x0000000008004538                NMI_Handler
 .text.HardFault_Handler
                0x000000000800453e        0x6 ./Core/Src/stm32f4xx_it.o
                0x000000000800453e                HardFault_Handler
 .text.MemManage_Handler
                0x0000000008004544        0x6 ./Core/Src/stm32f4xx_it.o
                0x0000000008004544                MemManage_Handler
 .text.BusFault_Handler
                0x000000000800454a        0x6 ./Core/Src/stm32f4xx_it.o
                0x000000000800454a                BusFault_Handler
 .text.UsageFault_Handler
                0x0000000008004550        0x6 ./Core/Src/stm32f4xx_it.o
                0x0000000008004550                UsageFault_Handler
 .text.DebugMon_Handler
                0x0000000008004556        0xe ./Core/Src/stm32f4xx_it.o
                0x0000000008004556                DebugMon_Handler
 .text.DMA1_Stream5_IRQHandler
                0x0000000008004564       0x14 ./Core/Src/stm32f4xx_it.o
                0x0000000008004564                DMA1_Stream5_IRQHandler
 .text.DMA1_Stream6_IRQHandler
                0x0000000008004578       0x14 ./Core/Src/stm32f4xx_it.o
                0x0000000008004578                DMA1_Stream6_IRQHandler
 .text.TIM6_DAC_IRQHandler
                0x000000000800458c       0x14 ./Core/Src/stm32f4xx_it.o
                0x000000000800458c                TIM6_DAC_IRQHandler
 .text.DMA2_Stream7_IRQHandler
                0x00000000080045a0       0x14 ./Core/Src/stm32f4xx_it.o
                0x00000000080045a0                DMA2_Stream7_IRQHandler
 .text._read    0x00000000080045b4       0x3a ./Core/Src/syscalls.o
                0x00000000080045b4                _read
 .text._write   0x00000000080045ee       0x38 ./Core/Src/syscalls.o
                0x00000000080045ee                _write
 .text._close   0x0000000008004626       0x18 ./Core/Src/syscalls.o
                0x0000000008004626                _close
 .text._fstat   0x000000000800463e       0x20 ./Core/Src/syscalls.o
                0x000000000800463e                _fstat
 .text._isatty  0x000000000800465e       0x16 ./Core/Src/syscalls.o
                0x000000000800465e                _isatty
 .text._lseek   0x0000000008004674       0x1a ./Core/Src/syscalls.o
                0x0000000008004674                _lseek
 *fill*         0x000000000800468e        0x2 
 .text._sbrk    0x0000000008004690       0x6c ./Core/Src/sysmem.o
                0x0000000008004690                _sbrk
 .text.SystemInit
                0x00000000080046fc       0x24 ./Core/Src/system_stm32f4xx.o
                0x00000000080046fc                SystemInit
 .text.Reset_Handler
                0x0000000008004720       0x50 ./Core/Startup/startup_stm32f407vgtx.o
                0x0000000008004720                Reset_Handler
 .text.Default_Handler
                0x0000000008004770        0x2 ./Core/Startup/startup_stm32f407vgtx.o
                0x0000000008004770                RTC_Alarm_IRQHandler
                0x0000000008004770                HASH_RNG_IRQHandler
                0x0000000008004770                EXTI2_IRQHandler
                0x0000000008004770                TIM8_CC_IRQHandler
                0x0000000008004770                TIM1_CC_IRQHandler
                0x0000000008004770                DMA2_Stream5_IRQHandler
                0x0000000008004770                PVD_IRQHandler
                0x0000000008004770                SDIO_IRQHandler
                0x0000000008004770                TAMP_STAMP_IRQHandler
                0x0000000008004770                CAN2_RX1_IRQHandler
                0x0000000008004770                EXTI3_IRQHandler
                0x0000000008004770                TIM8_TRG_COM_TIM14_IRQHandler
                0x0000000008004770                TIM1_UP_TIM10_IRQHandler
                0x0000000008004770                TIM8_UP_TIM13_IRQHandler
                0x0000000008004770                I2C3_ER_IRQHandler
                0x0000000008004770                EXTI0_IRQHandler
                0x0000000008004770                I2C2_EV_IRQHandler
                0x0000000008004770                DMA1_Stream2_IRQHandler
                0x0000000008004770                CAN1_RX0_IRQHandler
                0x0000000008004770                FPU_IRQHandler
                0x0000000008004770                OTG_HS_WKUP_IRQHandler
                0x0000000008004770                CAN2_SCE_IRQHandler
                0x0000000008004770                DMA2_Stream2_IRQHandler
                0x0000000008004770                SPI1_IRQHandler
                0x0000000008004770                TIM1_BRK_TIM9_IRQHandler
                0x0000000008004770                DCMI_IRQHandler
                0x0000000008004770                CAN2_RX0_IRQHandler
                0x0000000008004770                DMA2_Stream3_IRQHandler
                0x0000000008004770                USART6_IRQHandler
                0x0000000008004770                USART3_IRQHandler
                0x0000000008004770                CAN1_RX1_IRQHandler
                0x0000000008004770                UART5_IRQHandler
                0x0000000008004770                DMA2_Stream0_IRQHandler
                0x0000000008004770                TIM4_IRQHandler
                0x0000000008004770                I2C1_EV_IRQHandler
                0x0000000008004770                DMA1_Stream1_IRQHandler
                0x0000000008004770                UART4_IRQHandler
                0x0000000008004770                TIM3_IRQHandler
                0x0000000008004770                RCC_IRQHandler
                0x0000000008004770                TIM8_BRK_TIM12_IRQHandler
                0x0000000008004770                Default_Handler
                0x0000000008004770                EXTI15_10_IRQHandler
                0x0000000008004770                ADC_IRQHandler
                0x0000000008004770                DMA1_Stream7_IRQHandler
                0x0000000008004770                TIM7_IRQHandler
                0x0000000008004770                CAN2_TX_IRQHandler
                0x0000000008004770                TIM5_IRQHandler
                0x0000000008004770                I2C3_EV_IRQHandler
                0x0000000008004770                EXTI9_5_IRQHandler
                0x0000000008004770                RTC_WKUP_IRQHandler
                0x0000000008004770                ETH_WKUP_IRQHandler
                0x0000000008004770                SPI2_IRQHandler
                0x0000000008004770                OTG_HS_EP1_IN_IRQHandler
                0x0000000008004770                DMA1_Stream0_IRQHandler
                0x0000000008004770                CAN1_TX_IRQHandler
                0x0000000008004770                EXTI4_IRQHandler
                0x0000000008004770                FSMC_IRQHandler
                0x0000000008004770                ETH_IRQHandler
                0x0000000008004770                OTG_HS_EP1_OUT_IRQHandler
                0x0000000008004770                WWDG_IRQHandler
                0x0000000008004770                TIM2_IRQHandler
                0x0000000008004770                OTG_FS_WKUP_IRQHandler
                0x0000000008004770                TIM1_TRG_COM_TIM11_IRQHandler
                0x0000000008004770                OTG_HS_IRQHandler
                0x0000000008004770                EXTI1_IRQHandler
                0x0000000008004770                USART2_IRQHandler
                0x0000000008004770                I2C2_ER_IRQHandler
                0x0000000008004770                DMA2_Stream1_IRQHandler
                0x0000000008004770                CAN1_SCE_IRQHandler
                0x0000000008004770                FLASH_IRQHandler
                0x0000000008004770                DMA2_Stream4_IRQHandler
                0x0000000008004770                USART1_IRQHandler
                0x0000000008004770                OTG_FS_IRQHandler
                0x0000000008004770                SPI3_IRQHandler
                0x0000000008004770                DMA1_Stream4_IRQHandler
                0x0000000008004770                I2C1_ER_IRQHandler
                0x0000000008004770                DMA2_Stream6_IRQHandler
                0x0000000008004770                DMA1_Stream3_IRQHandler
 *fill*         0x0000000008004772        0x2 
 .text.HAL_Init
                0x0000000008004774       0x44 ./Drivers/STM32F4xx_HAL_Driver/Src/stm32f4xx_hal.o
                0x0000000008004774                HAL_Init
 .text.HAL_IncTick
                0x00000000080047b8       0x28 ./Drivers/STM32F4xx_HAL_Driver/Src/stm32f4xx_hal.o
                0x00000000080047b8                HAL_IncTick
 .text.HAL_GetTick
                0x00000000080047e0       0x18 ./Drivers/STM32F4xx_HAL_Driver/Src/stm32f4xx_hal.o
                0x00000000080047e0                HAL_GetTick
 .text.HAL_Delay
                0x00000000080047f8       0x48 ./Drivers/STM32F4xx_HAL_Driver/Src/stm32f4xx_hal.o
                0x00000000080047f8                HAL_Delay
 .text.__NVIC_SetPriorityGrouping
                0x0000000008004840       0x48 ./Drivers/STM32F4xx_HAL_Driver/Src/stm32f4xx_hal_cortex.o
 .text.__NVIC_GetPriorityGrouping
                0x0000000008004888       0x1c ./Drivers/STM32F4xx_HAL_Driver/Src/stm32f4xx_hal_cortex.o
 .text.__NVIC_EnableIRQ
                0x00000000080048a4       0x3c ./Drivers/STM32F4xx_HAL_Driver/Src/stm32f4xx_hal_cortex.o
 .text.__NVIC_SetPriority
                0x00000000080048e0       0x54 ./Drivers/STM32F4xx_HAL_Driver/Src/stm32f4xx_hal_cortex.o
 .text.NVIC_EncodePriority
                0x0000000008004934       0x66 ./Drivers/STM32F4xx_HAL_Driver/Src/stm32f4xx_hal_cortex.o
 .text.HAL_NVIC_SetPriorityGrouping
                0x000000000800499a       0x16 ./Drivers/STM32F4xx_HAL_Driver/Src/stm32f4xx_hal_cortex.o
                0x000000000800499a                HAL_NVIC_SetPriorityGrouping
 .text.HAL_NVIC_SetPriority
                0x00000000080049b0       0x38 ./Drivers/STM32F4xx_HAL_Driver/Src/stm32f4xx_hal_cortex.o
                0x00000000080049b0                HAL_NVIC_SetPriority
 .text.HAL_NVIC_EnableIRQ
                0x00000000080049e8       0x1c ./Drivers/STM32F4xx_HAL_Driver/Src/stm32f4xx_hal_cortex.o
                0x00000000080049e8                HAL_NVIC_EnableIRQ
 .text.HAL_DMA_Init
                0x0000000008004a04      0x15c ./Drivers/STM32F4xx_HAL_Driver/Src/stm32f4xx_hal_dma.o
                0x0000000008004a04                HAL_DMA_Init
 .text.HAL_DMA_IRQHandler
                0x0000000008004b60      0x314 ./Drivers/STM32F4xx_HAL_Driver/Src/stm32f4xx_hal_dma.o
                0x0000000008004b60                HAL_DMA_IRQHandler
 .text.DMA_CalcBaseAndBitshift
                0x0000000008004e74       0x6c ./Drivers/STM32F4xx_HAL_Driver/Src/stm32f4xx_hal_dma.o
 .text.DMA_CheckFifoParam
                0x0000000008004ee0       0xf8 ./Drivers/STM32F4xx_HAL_Driver/Src/stm32f4xx_hal_dma.o
 .text.HAL_GPIO_Init
                0x0000000008004fd8      0x338 ./Drivers/STM32F4xx_HAL_Driver/Src/stm32f4xx_hal_gpio.o
                0x0000000008004fd8                HAL_GPIO_Init
 .text.HAL_GPIO_WritePin
                0x0000000008005310       0x32 ./Drivers/STM32F4xx_HAL_Driver/Src/stm32f4xx_hal_gpio.o
                0x0000000008005310                HAL_GPIO_WritePin
 *fill*         0x0000000008005342        0x2 
 .text.HAL_I2C_Init
                0x0000000008005344      0x288 ./Drivers/STM32F4xx_HAL_Driver/Src/stm32f4xx_hal_i2c.o
                0x0000000008005344                HAL_I2C_Init
 .text.HAL_I2C_Master_Transmit
                0x00000000080055cc      0x1fc ./Drivers/STM32F4xx_HAL_Driver/Src/stm32f4xx_hal_i2c.o
                0x00000000080055cc                HAL_I2C_Master_Transmit
 .text.HAL_I2C_Master_Receive
                0x00000000080057c8      0x44c ./Drivers/STM32F4xx_HAL_Driver/Src/stm32f4xx_hal_i2c.o
                0x00000000080057c8                HAL_I2C_Master_Receive
 .text.HAL_I2C_Mem_Write
                0x0000000008005c14      0x1f4 ./Drivers/STM32F4xx_HAL_Driver/Src/stm32f4xx_hal_i2c.o
                0x0000000008005c14                HAL_I2C_Mem_Write
 .text.HAL_I2C_Mem_Read
                0x0000000008005e08      0x44c ./Drivers/STM32F4xx_HAL_Driver/Src/stm32f4xx_hal_i2c.o
                0x0000000008005e08                HAL_I2C_Mem_Read
 .text.HAL_I2C_GetState
                0x0000000008006254       0x1c ./Drivers/STM32F4xx_HAL_Driver/Src/stm32f4xx_hal_i2c.o
                0x0000000008006254                HAL_I2C_GetState
 .text.HAL_I2C_GetError
                0x0000000008006270       0x18 ./Drivers/STM32F4xx_HAL_Driver/Src/stm32f4xx_hal_i2c.o
                0x0000000008006270                HAL_I2C_GetError
 .text.I2C_MasterRequestWrite
                0x0000000008006288      0x104 ./Drivers/STM32F4xx_HAL_Driver/Src/stm32f4xx_hal_i2c.o
 .text.I2C_MasterRequestRead
                0x000000000800638c      0x19c ./Drivers/STM32F4xx_HAL_Driver/Src/stm32f4xx_hal_i2c.o
 .text.I2C_RequestMemoryWrite
                0x0000000008006528      0x12c ./Drivers/STM32F4xx_HAL_Driver/Src/stm32f4xx_hal_i2c.o
 .text.I2C_RequestMemoryRead
                0x0000000008006654      0x1d0 ./Drivers/STM32F4xx_HAL_Driver/Src/stm32f4xx_hal_i2c.o
 .text.I2C_WaitOnFlagUntilTimeout
                0x0000000008006824       0xae ./Drivers/STM32F4xx_HAL_Driver/Src/stm32f4xx_hal_i2c.o
 .text.I2C_WaitOnMasterAddressFlagUntilTimeout
                0x00000000080068d2       0xfe ./Drivers/STM32F4xx_HAL_Driver/Src/stm32f4xx_hal_i2c.o
 .text.I2C_WaitOnTXEFlagUntilTimeout
                0x00000000080069d0       0x82 ./Drivers/STM32F4xx_HAL_Driver/Src/stm32f4xx_hal_i2c.o
 .text.I2C_WaitOnBTFFlagUntilTimeout
                0x0000000008006a52       0x82 ./Drivers/STM32F4xx_HAL_Driver/Src/stm32f4xx_hal_i2c.o
 .text.I2C_WaitOnRXNEFlagUntilTimeout
                0x0000000008006ad4       0xac ./Drivers/STM32F4xx_HAL_Driver/Src/stm32f4xx_hal_i2c.o
 .text.I2C_IsAcknowledgeFailed
                0x0000000008006b80       0x5e ./Drivers/STM32F4xx_HAL_Driver/Src/stm32f4xx_hal_i2c.o
 *fill*         0x0000000008006bde        0x2 
 .text.HAL_RCC_OscConfig
                0x0000000008006be0      0x4f0 ./Drivers/STM32F4xx_HAL_Driver/Src/stm32f4xx_hal_rcc.o
                0x0000000008006be0                HAL_RCC_OscConfig
 .text.HAL_RCC_ClockConfig
                0x00000000080070d0      0x1cc ./Drivers/STM32F4xx_HAL_Driver/Src/stm32f4xx_hal_rcc.o
                0x00000000080070d0                HAL_RCC_ClockConfig
 .text.HAL_RCC_GetSysClockFreq
                0x000000000800729c      0x18c ./Drivers/STM32F4xx_HAL_Driver/Src/stm32f4xx_hal_rcc.o
                0x000000000800729c                HAL_RCC_GetSysClockFreq
 .text.HAL_RCC_GetHCLKFreq
                0x0000000008007428       0x18 ./Drivers/STM32F4xx_HAL_Driver/Src/stm32f4xx_hal_rcc.o
                0x0000000008007428                HAL_RCC_GetHCLKFreq
 .text.HAL_RCC_GetPCLK1Freq
                0x0000000008007440       0x28 ./Drivers/STM32F4xx_HAL_Driver/Src/stm32f4xx_hal_rcc.o
                0x0000000008007440                HAL_RCC_GetPCLK1Freq
 .text.HAL_RCC_GetPCLK2Freq
                0x0000000008007468       0x28 ./Drivers/STM32F4xx_HAL_Driver/Src/stm32f4xx_hal_rcc.o
                0x0000000008007468                HAL_RCC_GetPCLK2Freq
 .text.HAL_RCC_GetClockConfig
                0x0000000008007490       0x64 ./Drivers/STM32F4xx_HAL_Driver/Src/stm32f4xx_hal_rcc.o
                0x0000000008007490                HAL_RCC_GetClockConfig
 .text.HAL_SD_Init
                0x00000000080074f4       0x60 ./Drivers/STM32F4xx_HAL_Driver/Src/stm32f4xx_hal_sd.o
                0x00000000080074f4                HAL_SD_Init
 .text.HAL_SD_InitCard
                0x0000000008007554      0x100 ./Drivers/STM32F4xx_HAL_Driver/Src/stm32f4xx_hal_sd.o
                0x0000000008007554                HAL_SD_InitCard
 .text.HAL_SD_ReadBlocks
                0x0000000008007654      0x3bc ./Drivers/STM32F4xx_HAL_Driver/Src/stm32f4xx_hal_sd.o
                0x0000000008007654                HAL_SD_ReadBlocks
 .text.HAL_SD_WriteBlocks
                0x0000000008007a10      0x30c ./Drivers/STM32F4xx_HAL_Driver/Src/stm32f4xx_hal_sd.o
                0x0000000008007a10                HAL_SD_WriteBlocks
 .text.HAL_SD_GetCardCSD
                0x0000000008007d1c      0x348 ./Drivers/STM32F4xx_HAL_Driver/Src/stm32f4xx_hal_sd.o
                0x0000000008007d1c                HAL_SD_GetCardCSD
 .text.HAL_SD_GetCardInfo
                0x0000000008008064       0x58 ./Drivers/STM32F4xx_HAL_Driver/Src/stm32f4xx_hal_sd.o
                0x0000000008008064                HAL_SD_GetCardInfo
 .text.HAL_SD_ConfigWideBusOperation
                0x00000000080080bc      0x134 ./Drivers/STM32F4xx_HAL_Driver/Src/stm32f4xx_hal_sd.o
                0x00000000080080bc                HAL_SD_ConfigWideBusOperation
 .text.HAL_SD_GetCardState
                0x00000000080081f0       0x40 ./Drivers/STM32F4xx_HAL_Driver/Src/stm32f4xx_hal_sd.o
                0x00000000080081f0                HAL_SD_GetCardState
 .text.SD_InitCard
                0x0000000008008230      0x19c ./Drivers/STM32F4xx_HAL_Driver/Src/stm32f4xx_hal_sd.o
 .text.SD_PowerON
                0x00000000080083cc      0x11c ./Drivers/STM32F4xx_HAL_Driver/Src/stm32f4xx_hal_sd.o
 .text.SD_SendStatus
                0x00000000080084e8       0x50 ./Drivers/STM32F4xx_HAL_Driver/Src/stm32f4xx_hal_sd.o
 .text.SD_WideBus_Enable
                0x0000000008008538       0x96 ./Drivers/STM32F4xx_HAL_Driver/Src/stm32f4xx_hal_sd.o
 .text.SD_WideBus_Disable
                0x00000000080085ce       0x96 ./Drivers/STM32F4xx_HAL_Driver/Src/stm32f4xx_hal_sd.o
 .text.SD_FindSCR
                0x0000000008008664      0x1a6 ./Drivers/STM32F4xx_HAL_Driver/Src/stm32f4xx_hal_sd.o
 .text.HAL_SPI_Init
                0x000000000800880a      0x112 ./Drivers/STM32F4xx_HAL_Driver/Src/stm32f4xx_hal_spi.o
                0x000000000800880a                HAL_SPI_Init
 .text.HAL_TIM_Base_Init
                0x000000000800891c       0x9e ./Drivers/STM32F4xx_HAL_Driver/Src/stm32f4xx_hal_tim.o
                0x000000000800891c                HAL_TIM_Base_Init
 .text.HAL_TIM_Base_MspInit
                0x00000000080089ba       0x14 ./Drivers/STM32F4xx_HAL_Driver/Src/stm32f4xx_hal_tim.o
                0x00000000080089ba                HAL_TIM_Base_MspInit
 *fill*         0x00000000080089ce        0x2 
 .text.HAL_TIM_Base_Start_IT
                0x00000000080089d0       0xe0 ./Drivers/STM32F4xx_HAL_Driver/Src/stm32f4xx_hal_tim.o
                0x00000000080089d0                HAL_TIM_Base_Start_IT
 .text.HAL_TIM_IRQHandler
                0x0000000008008ab0      0x210 ./Drivers/STM32F4xx_HAL_Driver/Src/stm32f4xx_hal_tim.o
                0x0000000008008ab0                HAL_TIM_IRQHandler
 .text.HAL_TIM_OC_DelayElapsedCallback
                0x0000000008008cc0       0x14 ./Drivers/STM32F4xx_HAL_Driver/Src/stm32f4xx_hal_tim.o
                0x0000000008008cc0                HAL_TIM_OC_DelayElapsedCallback
 .text.HAL_TIM_IC_CaptureCallback
                0x0000000008008cd4       0x14 ./Drivers/STM32F4xx_HAL_Driver/Src/stm32f4xx_hal_tim.o
                0x0000000008008cd4                HAL_TIM_IC_CaptureCallback
 .text.HAL_TIM_PWM_PulseFinishedCallback
                0x0000000008008ce8       0x14 ./Drivers/STM32F4xx_HAL_Driver/Src/stm32f4xx_hal_tim.o
                0x0000000008008ce8                HAL_TIM_PWM_PulseFinishedCallback
 .text.HAL_TIM_TriggerCallback
                0x0000000008008cfc       0x14 ./Drivers/STM32F4xx_HAL_Driver/Src/stm32f4xx_hal_tim.o
                0x0000000008008cfc                HAL_TIM_TriggerCallback
 .text.TIM_Base_SetConfig
                0x0000000008008d10      0x140 ./Drivers/STM32F4xx_HAL_Driver/Src/stm32f4xx_hal_tim.o
                0x0000000008008d10                TIM_Base_SetConfig
 .text.HAL_TIMEx_CommutCallback
                0x0000000008008e50       0x14 ./Drivers/STM32F4xx_HAL_Driver/Src/stm32f4xx_hal_tim_ex.o
                0x0000000008008e50                HAL_TIMEx_CommutCallback
 .text.HAL_TIMEx_BreakCallback
                0x0000000008008e64       0x14 ./Drivers/STM32F4xx_HAL_Driver/Src/stm32f4xx_hal_tim_ex.o
                0x0000000008008e64                HAL_TIMEx_BreakCallback
 .text.HAL_UART_Init
                0x0000000008008e78       0x9a ./Drivers/STM32F4xx_HAL_Driver/Src/stm32f4xx_hal_uart.o
                0x0000000008008e78                HAL_UART_Init
 .text.HAL_UART_Transmit
                0x0000000008008f12      0x124 ./Drivers/STM32F4xx_HAL_Driver/Src/stm32f4xx_hal_uart.o
                0x0000000008008f12                HAL_UART_Transmit
 .text.UART_WaitOnFlagUntilTimeout
                0x0000000008009036       0xdc ./Drivers/STM32F4xx_HAL_Driver/Src/stm32f4xx_hal_uart.o
 *fill*         0x0000000008009112        0x2 
 .text.UART_SetConfig
                0x0000000008009114      0x4e8 ./Drivers/STM32F4xx_HAL_Driver/Src/stm32f4xx_hal_uart.o
 .text.SDIO_Init
                0x00000000080095fc       0x56 ./Drivers/STM32F4xx_HAL_Driver/Src/stm32f4xx_ll_sdmmc.o
                0x00000000080095fc                SDIO_Init
 .text.SDIO_ReadFIFO
                0x0000000008009652       0x1a ./Drivers/STM32F4xx_HAL_Driver/Src/stm32f4xx_ll_sdmmc.o
                0x0000000008009652                SDIO_ReadFIFO
 .text.SDIO_WriteFIFO
                0x000000000800966c       0x22 ./Drivers/STM32F4xx_HAL_Driver/Src/stm32f4xx_ll_sdmmc.o
                0x000000000800966c                SDIO_WriteFIFO
 .text.SDIO_PowerState_ON
                0x000000000800968e       0x1c ./Drivers/STM32F4xx_HAL_Driver/Src/stm32f4xx_ll_sdmmc.o
                0x000000000800968e                SDIO_PowerState_ON
 .text.SDIO_GetPowerState
                0x00000000080096aa       0x1c ./Drivers/STM32F4xx_HAL_Driver/Src/stm32f4xx_ll_sdmmc.o
                0x00000000080096aa                SDIO_GetPowerState
 .text.SDIO_SendCommand
                0x00000000080096c6       0x54 ./Drivers/STM32F4xx_HAL_Driver/Src/stm32f4xx_ll_sdmmc.o
                0x00000000080096c6                SDIO_SendCommand
 .text.SDIO_GetCommandResponse
                0x000000000800971a       0x1a ./Drivers/STM32F4xx_HAL_Driver/Src/stm32f4xx_ll_sdmmc.o
                0x000000000800971a                SDIO_GetCommandResponse
 .text.SDIO_GetResponse
                0x0000000008009734       0x26 ./Drivers/STM32F4xx_HAL_Driver/Src/stm32f4xx_ll_sdmmc.o
                0x0000000008009734                SDIO_GetResponse
 .text.SDIO_ConfigData
                0x000000000800975a       0x58 ./Drivers/STM32F4xx_HAL_Driver/Src/stm32f4xx_ll_sdmmc.o
                0x000000000800975a                SDIO_ConfigData
 .text.SDMMC_CmdBlockLength
                0x00000000080097b2       0x44 ./Drivers/STM32F4xx_HAL_Driver/Src/stm32f4xx_ll_sdmmc.o
                0x00000000080097b2                SDMMC_CmdBlockLength
 .text.SDMMC_CmdReadSingleBlock
                0x00000000080097f6       0x44 ./Drivers/STM32F4xx_HAL_Driver/Src/stm32f4xx_ll_sdmmc.o
                0x00000000080097f6                SDMMC_CmdReadSingleBlock
 .text.SDMMC_CmdReadMultiBlock
                0x000000000800983a       0x44 ./Drivers/STM32F4xx_HAL_Driver/Src/stm32f4xx_ll_sdmmc.o
                0x000000000800983a                SDMMC_CmdReadMultiBlock
 .text.SDMMC_CmdWriteSingleBlock
                0x000000000800987e       0x44 ./Drivers/STM32F4xx_HAL_Driver/Src/stm32f4xx_ll_sdmmc.o
                0x000000000800987e                SDMMC_CmdWriteSingleBlock
 .text.SDMMC_CmdWriteMultiBlock
                0x00000000080098c2       0x44 ./Drivers/STM32F4xx_HAL_Driver/Src/stm32f4xx_ll_sdmmc.o
                0x00000000080098c2                SDMMC_CmdWriteMultiBlock
 *fill*         0x0000000008009906        0x2 
 .text.SDMMC_CmdStopTransfer
                0x0000000008009908       0x44 ./Drivers/STM32F4xx_HAL_Driver/Src/stm32f4xx_ll_sdmmc.o
                0x0000000008009908                SDMMC_CmdStopTransfer
 .text.SDMMC_CmdSelDesel
                0x000000000800994c       0x46 ./Drivers/STM32F4xx_HAL_Driver/Src/stm32f4xx_ll_sdmmc.o
                0x000000000800994c                SDMMC_CmdSelDesel
 .text.SDMMC_CmdGoIdleState
                0x0000000008009992       0x3c ./Drivers/STM32F4xx_HAL_Driver/Src/stm32f4xx_ll_sdmmc.o
                0x0000000008009992                SDMMC_CmdGoIdleState
 .text.SDMMC_CmdOperCond
                0x00000000080099ce       0x3e ./Drivers/STM32F4xx_HAL_Driver/Src/stm32f4xx_ll_sdmmc.o
                0x00000000080099ce                SDMMC_CmdOperCond
 .text.SDMMC_CmdAppCommand
                0x0000000008009a0c       0x44 ./Drivers/STM32F4xx_HAL_Driver/Src/stm32f4xx_ll_sdmmc.o
                0x0000000008009a0c                SDMMC_CmdAppCommand
 .text.SDMMC_CmdAppOperCommand
                0x0000000008009a50       0x46 ./Drivers/STM32F4xx_HAL_Driver/Src/stm32f4xx_ll_sdmmc.o
                0x0000000008009a50                SDMMC_CmdAppOperCommand
 .text.SDMMC_CmdBusWidth
                0x0000000008009a96       0x44 ./Drivers/STM32F4xx_HAL_Driver/Src/stm32f4xx_ll_sdmmc.o
                0x0000000008009a96                SDMMC_CmdBusWidth
 .text.SDMMC_CmdSendSCR
                0x0000000008009ada       0x42 ./Drivers/STM32F4xx_HAL_Driver/Src/stm32f4xx_ll_sdmmc.o
                0x0000000008009ada                SDMMC_CmdSendSCR
 .text.SDMMC_CmdSendCID
                0x0000000008009b1c       0x3c ./Drivers/STM32F4xx_HAL_Driver/Src/stm32f4xx_ll_sdmmc.o
                0x0000000008009b1c                SDMMC_CmdSendCID
 .text.SDMMC_CmdSendCSD
                0x0000000008009b58       0x3e ./Drivers/STM32F4xx_HAL_Driver/Src/stm32f4xx_ll_sdmmc.o
                0x0000000008009b58                SDMMC_CmdSendCSD
 .text.SDMMC_CmdSetRelAdd
                0x0000000008009b96       0x42 ./Drivers/STM32F4xx_HAL_Driver/Src/stm32f4xx_ll_sdmmc.o
                0x0000000008009b96                SDMMC_CmdSetRelAdd
 .text.SDMMC_CmdSendStatus
                0x0000000008009bd8       0x44 ./Drivers/STM32F4xx_HAL_Driver/Src/stm32f4xx_ll_sdmmc.o
                0x0000000008009bd8                SDMMC_CmdSendStatus
 .text.SDMMC_GetCmdResp1
                0x0000000008009c1c      0x1dc ./Drivers/STM32F4xx_HAL_Driver/Src/stm32f4xx_ll_sdmmc.o
                0x0000000008009c1c                SDMMC_GetCmdResp1
 .text.SDMMC_GetCmdResp2
                0x0000000008009df8       0x90 ./Drivers/STM32F4xx_HAL_Driver/Src/stm32f4xx_ll_sdmmc.o
                0x0000000008009df8                SDMMC_GetCmdResp2
 .text.SDMMC_GetCmdResp3
                0x0000000008009e88       0x7c ./Drivers/STM32F4xx_HAL_Driver/Src/stm32f4xx_ll_sdmmc.o
                0x0000000008009e88                SDMMC_GetCmdResp3
 .text.SDMMC_GetCmdResp6
                0x0000000008009f04       0xec ./Drivers/STM32F4xx_HAL_Driver/Src/stm32f4xx_ll_sdmmc.o
                0x0000000008009f04                SDMMC_GetCmdResp6
 .text.SDMMC_GetCmdResp7
                0x0000000008009ff0       0x9c ./Drivers/STM32F4xx_HAL_Driver/Src/stm32f4xx_ll_sdmmc.o
                0x0000000008009ff0                SDMMC_GetCmdResp7
 .text.SDMMC_GetCmdError
                0x000000000800a08c       0x58 ./Drivers/STM32F4xx_HAL_Driver/Src/stm32f4xx_ll_sdmmc.o
 .text.MX_FATFS_Init
                0x000000000800a0e4       0x24 ./FATFS/App/fatfs.o
                0x000000000800a0e4                MX_FATFS_Init
 .text.get_fattime
                0x000000000800a108       0x10 ./FATFS/App/fatfs.o
                0x000000000800a108                get_fattime
 .text.BSP_SD_Init
                0x000000000800a118       0x4c ./FATFS/Target/bsp_driver_sd.o
                0x000000000800a118                BSP_SD_Init
 .text.BSP_SD_ReadBlocks
                0x000000000800a164       0x3c ./FATFS/Target/bsp_driver_sd.o
                0x000000000800a164                BSP_SD_ReadBlocks
 .text.BSP_SD_WriteBlocks
                0x000000000800a1a0       0x3c ./FATFS/Target/bsp_driver_sd.o
                0x000000000800a1a0                BSP_SD_WriteBlocks
 .text.BSP_SD_GetCardState
                0x000000000800a1dc       0x20 ./FATFS/Target/bsp_driver_sd.o
                0x000000000800a1dc                BSP_SD_GetCardState
 .text.BSP_SD_GetCardInfo
                0x000000000800a1fc       0x1c ./FATFS/Target/bsp_driver_sd.o
                0x000000000800a1fc                BSP_SD_GetCardInfo
 .text.BSP_SD_IsDetected
                0x000000000800a218       0x1a ./FATFS/Target/bsp_driver_sd.o
                0x000000000800a218                BSP_SD_IsDetected
 *fill*         0x000000000800a232        0x2 
 .text.SD_CheckStatus
                0x000000000800a234       0x3c ./FATFS/Target/sd_diskio.o
 .text.SD_initialize
                0x000000000800a270       0x3c ./FATFS/Target/sd_diskio.o
                0x000000000800a270                SD_initialize
 .text.SD_status
                0x000000000800a2ac       0x1c ./FATFS/Target/sd_diskio.o
                0x000000000800a2ac                SD_status
 .text.SD_read  0x000000000800a2c8       0x42 ./FATFS/Target/sd_diskio.o
                0x000000000800a2c8                SD_read
 .text.SD_write
                0x000000000800a30a       0x42 ./FATFS/Target/sd_diskio.o
                0x000000000800a30a                SD_write
 .text.SD_ioctl
                0x000000000800a34c       0xb0 ./FATFS/Target/sd_diskio.o
                0x000000000800a34c                SD_ioctl
 .text.disk_status
                0x000000000800a3fc       0x34 ./Middlewares/Third_Party/FatFs/src/diskio.o
                0x000000000800a3fc                disk_status
 .text.disk_initialize
                0x000000000800a430       0x4c ./Middlewares/Third_Party/FatFs/src/diskio.o
                0x000000000800a430                disk_initialize
 .text.disk_read
                0x000000000800a47c       0x40 ./Middlewares/Third_Party/FatFs/src/diskio.o
                0x000000000800a47c                disk_read
 .text.disk_write
                0x000000000800a4bc       0x40 ./Middlewares/Third_Party/FatFs/src/diskio.o
                0x000000000800a4bc                disk_write
 .text.disk_ioctl
                0x000000000800a4fc       0x3c ./Middlewares/Third_Party/FatFs/src/diskio.o
                0x000000000800a4fc                disk_ioctl
 .text.ld_word  0x000000000800a538       0x30 ./Middlewares/Third_Party/FatFs/src/ff.o
 .text.ld_dword
                0x000000000800a568       0x46 ./Middlewares/Third_Party/FatFs/src/ff.o
 .text.st_word  0x000000000800a5ae       0x36 ./Middlewares/Third_Party/FatFs/src/ff.o
 .text.st_dword
                0x000000000800a5e4       0x58 ./Middlewares/Third_Party/FatFs/src/ff.o
 .text.mem_cpy  0x000000000800a63c       0x42 ./Middlewares/Third_Party/FatFs/src/ff.o
 .text.mem_set  0x000000000800a67e       0x36 ./Middlewares/Third_Party/FatFs/src/ff.o
 .text.mem_cmp  0x000000000800a6b4       0x4e ./Middlewares/Third_Party/FatFs/src/ff.o
 .text.chk_chr  0x000000000800a702       0x36 ./Middlewares/Third_Party/FatFs/src/ff.o
 .text.chk_lock
                0x000000000800a738       0xb8 ./Middlewares/Third_Party/FatFs/src/ff.o
 .text.enq_lock
                0x000000000800a7f0       0x44 ./Middlewares/Third_Party/FatFs/src/ff.o
 .text.inc_lock
                0x000000000800a834      0x11c ./Middlewares/Third_Party/FatFs/src/ff.o
 .text.dec_lock
                0x000000000800a950       0x78 ./Middlewares/Third_Party/FatFs/src/ff.o
 .text.clear_lock
                0x000000000800a9c8       0x48 ./Middlewares/Third_Party/FatFs/src/ff.o
 .text.sync_window
                0x000000000800aa10       0x88 ./Middlewares/Third_Party/FatFs/src/ff.o
 .text.move_window
                0x000000000800aa98       0x5a ./Middlewares/Third_Party/FatFs/src/ff.o
 *fill*         0x000000000800aaf2        0x2 
 .text.sync_fs  0x000000000800aaf4       0xdc ./Middlewares/Third_Party/FatFs/src/ff.o
 .text.clust2sect
                0x000000000800abd0       0x3e ./Middlewares/Third_Party/FatFs/src/ff.o
 .text.get_fat  0x000000000800ac0e      0x150 ./Middlewares/Third_Party/FatFs/src/ff.o
 .text.put_fat  0x000000000800ad5e      0x1d8 ./Middlewares/Third_Party/FatFs/src/ff.o
 .text.remove_chain
                0x000000000800af36       0xca ./Middlewares/Third_Party/FatFs/src/ff.o
 .text.create_chain
                0x000000000800b000      0x130 ./Middlewares/Third_Party/FatFs/src/ff.o
 .text.clmt_clust
                0x000000000800b130       0x68 ./Middlewares/Third_Party/FatFs/src/ff.o
 .text.dir_sdi  0x000000000800b198       0xf6 ./Middlewares/Third_Party/FatFs/src/ff.o
 .text.dir_next
                0x000000000800b28e      0x18a ./Middlewares/Third_Party/FatFs/src/ff.o
 .text.dir_alloc
                0x000000000800b418       0x8e ./Middlewares/Third_Party/FatFs/src/ff.o
 .text.ld_clust
                0x000000000800b4a6       0x3e ./Middlewares/Third_Party/FatFs/src/ff.o
 .text.st_clust
                0x000000000800b4e4       0x40 ./Middlewares/Third_Party/FatFs/src/ff.o
 .text.dir_read
                0x000000000800b524       0xba ./Middlewares/Third_Party/FatFs/src/ff.o
 .text.dir_find
                0x000000000800b5de       0xaa ./Middlewares/Third_Party/FatFs/src/ff.o
 .text.dir_register
                0x000000000800b688       0x64 ./Middlewares/Third_Party/FatFs/src/ff.o
 .text.dir_remove
                0x000000000800b6ec       0x3c ./Middlewares/Third_Party/FatFs/src/ff.o
 .text.get_fileinfo
                0x000000000800b728       0xbe ./Middlewares/Third_Party/FatFs/src/ff.o
 *fill*         0x000000000800b7e6        0x2 
 .text.create_name
                0x000000000800b7e8      0x128 ./Middlewares/Third_Party/FatFs/src/ff.o
 .text.follow_path
                0x000000000800b910       0xe2 ./Middlewares/Third_Party/FatFs/src/ff.o
 .text.get_ldnumber
                0x000000000800b9f2       0x88 ./Middlewares/Third_Party/FatFs/src/ff.o
 *fill*         0x000000000800ba7a        0x2 
 .text.check_fs
                0x000000000800ba7c       0xac ./Middlewares/Third_Party/FatFs/src/ff.o
 .text.find_volume
                0x000000000800bb28      0x498 ./Middlewares/Third_Party/FatFs/src/ff.o
 .text.validate
                0x000000000800bfc0       0x6a ./Middlewares/Third_Party/FatFs/src/ff.o
 *fill*         0x000000000800c02a        0x2 
 .text.f_mount  0x000000000800c02c       0x8c ./Middlewares/Third_Party/FatFs/src/ff.o
                0x000000000800c02c                f_mount
 .text.f_open   0x000000000800c0b8      0x37c ./Middlewares/Third_Party/FatFs/src/ff.o
                0x000000000800c0b8                f_open
 .text.f_write  0x000000000800c434      0x2ea ./Middlewares/Third_Party/FatFs/src/ff.o
                0x000000000800c434                f_write
 .text.f_sync   0x000000000800c71e       0xfc ./Middlewares/Third_Party/FatFs/src/ff.o
                0x000000000800c71e                f_sync
 .text.f_close  0x000000000800c81a       0x54 ./Middlewares/Third_Party/FatFs/src/ff.o
                0x000000000800c81a                f_close
 .text.f_opendir
                0x000000000800c86e       0xe6 ./Middlewares/Third_Party/FatFs/src/ff.o
                0x000000000800c86e                f_opendir
 .text.f_closedir
                0x000000000800c954       0x4c ./Middlewares/Third_Party/FatFs/src/ff.o
                0x000000000800c954                f_closedir
 .text.f_readdir
                0x000000000800c9a0       0x7a ./Middlewares/Third_Party/FatFs/src/ff.o
                0x000000000800c9a0                f_readdir
 .text.f_stat   0x000000000800ca1a       0x72 ./Middlewares/Third_Party/FatFs/src/ff.o
                0x000000000800ca1a                f_stat
 .text.f_unlink
                0x000000000800ca8c      0x156 ./Middlewares/Third_Party/FatFs/src/ff.o
                0x000000000800ca8c                f_unlink
 *fill*         0x000000000800cbe2        0x2 
 .text.FATFS_LinkDriverEx
                0x000000000800cbe4       0x98 ./Middlewares/Third_Party/FatFs/src/ff_gen_drv.o
                0x000000000800cbe4                FATFS_LinkDriverEx
 .text.FATFS_LinkDriver
                0x000000000800cc7c       0x1e ./Middlewares/Third_Party/FatFs/src/ff_gen_drv.o
                0x000000000800cc7c                FATFS_LinkDriver
 .text.vListInitialise
                0x000000000800cc9a       0x40 ./Third_Party/FreeRTOS/list.o
                0x000000000800cc9a                vListInitialise
 .text.vListInitialiseItem
                0x000000000800ccda       0x1a ./Third_Party/FreeRTOS/list.o
                0x000000000800ccda                vListInitialiseItem
 .text.vListInsertEnd
                0x000000000800ccf4       0x48 ./Third_Party/FreeRTOS/list.o
                0x000000000800ccf4                vListInsertEnd
 .text.vListInsert
                0x000000000800cd3c       0x72 ./Third_Party/FreeRTOS/list.o
                0x000000000800cd3c                vListInsert
 .text.uxListRemove
                0x000000000800cdae       0x54 ./Third_Party/FreeRTOS/list.o
                0x000000000800cdae                uxListRemove
 *fill*         0x000000000800ce02        0x2 
 .text.xQueueGenericReset
                0x000000000800ce04       0xd0 ./Third_Party/FreeRTOS/queue.o
                0x000000000800ce04                xQueueGenericReset
 .text.xQueueGenericCreate
                0x000000000800ced4       0xbe ./Third_Party/FreeRTOS/queue.o
                0x000000000800ced4                xQueueGenericCreate
 .text.prvInitialiseNewQueue
                0x000000000800cf92       0x46 ./Third_Party/FreeRTOS/queue.o
 .text.xQueueCreateCountingSemaphore
                0x000000000800cfd8       0x66 ./Third_Party/FreeRTOS/queue.o
                0x000000000800cfd8                xQueueCreateCountingSemaphore
 *fill*         0x000000000800d03e        0x2 
 .text.xQueueGenericSend
                0x000000000800d040      0x1cc ./Third_Party/FreeRTOS/queue.o
                0x000000000800d040                xQueueGenericSend
 .text.xQueueSemaphoreTake
                0x000000000800d20c      0x1e8 ./Third_Party/FreeRTOS/queue.o
                0x000000000800d20c                xQueueSemaphoreTake
 .text.prvGetDisinheritPriorityAfterTimeout
                0x000000000800d3f4       0x30 ./Third_Party/FreeRTOS/queue.o
 .text.prvCopyDataToQueue
                0x000000000800d424       0xd4 ./Third_Party/FreeRTOS/queue.o
 .text.prvUnlockQueue
                0x000000000800d4f8       0xa4 ./Third_Party/FreeRTOS/queue.o
 .text.prvIsQueueEmpty
                0x000000000800d59c       0x2c ./Third_Party/FreeRTOS/queue.o
 .text.prvIsQueueFull
                0x000000000800d5c8       0x30 ./Third_Party/FreeRTOS/queue.o
 .text.xTaskCreate
                0x000000000800d5f8       0x82 ./Third_Party/FreeRTOS/tasks.o
                0x000000000800d5f8                xTaskCreate
 .text.prvInitialiseNewTask
                0x000000000800d67a      0x12c ./Third_Party/FreeRTOS/tasks.o
 *fill*         0x000000000800d7a6        0x2 
 .text.prvAddNewTaskToReadyList
                0x000000000800d7a8       0xdc ./Third_Party/FreeRTOS/tasks.o
 .text.vTaskStartScheduler
                0x000000000800d884       0x98 ./Third_Party/FreeRTOS/tasks.o
                0x000000000800d884                vTaskStartScheduler
 .text.vTaskSuspendAll
                0x000000000800d91c       0x1c ./Third_Party/FreeRTOS/tasks.o
                0x000000000800d91c                vTaskSuspendAll
 .text.xTaskResumeAll
                0x000000000800d938      0x138 ./Third_Party/FreeRTOS/tasks.o
                0x000000000800d938                xTaskResumeAll
 .text.xTaskIncrementTick
                0x000000000800da70      0x170 ./Third_Party/FreeRTOS/tasks.o
                0x000000000800da70                xTaskIncrementTick
 .text.vTaskSwitchContext
                0x000000000800dbe0       0xb8 ./Third_Party/FreeRTOS/tasks.o
                0x000000000800dbe0                vTaskSwitchContext
 .text.vTaskPlaceOnEventList
                0x000000000800dc98       0x48 ./Third_Party/FreeRTOS/tasks.o
                0x000000000800dc98                vTaskPlaceOnEventList
 .text.xTaskRemoveFromEventList
                0x000000000800dce0       0xc4 ./Third_Party/FreeRTOS/tasks.o
                0x000000000800dce0                xTaskRemoveFromEventList
 .text.vTaskInternalSetTimeOutState
                0x000000000800dda4       0x2c ./Third_Party/FreeRTOS/tasks.o
                0x000000000800dda4                vTaskInternalSetTimeOutState
 .text.xTaskCheckForTimeOut
                0x000000000800ddd0       0xcc ./Third_Party/FreeRTOS/tasks.o
                0x000000000800ddd0                xTaskCheckForTimeOut
 .text.vTaskMissedYield
                0x000000000800de9c       0x18 ./Third_Party/FreeRTOS/tasks.o
                0x000000000800de9c                vTaskMissedYield
 .text.prvIdleTask
                0x000000000800deb4       0x30 ./Third_Party/FreeRTOS/tasks.o
 .text.prvInitialiseTaskLists
                0x000000000800dee4       0x80 ./Third_Party/FreeRTOS/tasks.o
 .text.prvCheckTasksWaitingTermination
                0x000000000800df64       0x5c ./Third_Party/FreeRTOS/tasks.o
 .text.prvDeleteTCB
                0x000000000800dfc0       0x20 ./Third_Party/FreeRTOS/tasks.o
 .text.prvResetNextTaskUnblockTime
                0x000000000800dfe0       0x38 ./Third_Party/FreeRTOS/tasks.o
 .text.xTaskPriorityInherit
                0x000000000800e018       0xec ./Third_Party/FreeRTOS/tasks.o
                0x000000000800e018                xTaskPriorityInherit
 .text.xTaskPriorityDisinherit
                0x000000000800e104       0xf4 ./Third_Party/FreeRTOS/tasks.o
                0x000000000800e104                xTaskPriorityDisinherit
 .text.vTaskPriorityDisinheritAfterTimeout
                0x000000000800e1f8      0x11c ./Third_Party/FreeRTOS/tasks.o
                0x000000000800e1f8                vTaskPriorityDisinheritAfterTimeout
 .text.pvTaskIncrementMutexHeldCount
                0x000000000800e314       0x28 ./Third_Party/FreeRTOS/tasks.o
                0x000000000800e314                pvTaskIncrementMutexHeldCount
 .text.ulTaskGenericNotifyTake
                0x000000000800e33c       0xd0 ./Third_Party/FreeRTOS/tasks.o
                0x000000000800e33c                ulTaskGenericNotifyTake
 .text.xTaskGenericNotify
                0x000000000800e40c      0x1c0 ./Third_Party/FreeRTOS/tasks.o
                0x000000000800e40c                xTaskGenericNotify
 .text.prvAddCurrentTaskToDelayedList
                0x000000000800e5cc       0xcc ./Third_Party/FreeRTOS/tasks.o
 .text.pxPortInitialiseStack
                0x000000000800e698       0x68 ./Third_Party/FreeRTOS/portable/GCC/ARM_CM4F/port.o
                0x000000000800e698                pxPortInitialiseStack
 .text.prvTaskExitError
                0x000000000800e700       0x58 ./Third_Party/FreeRTOS/portable/GCC/ARM_CM4F/port.o
 *fill*         0x000000000800e758        0x8 
 .text.SVC_Handler
                0x000000000800e760       0x28 ./Third_Party/FreeRTOS/portable/GCC/ARM_CM4F/port.o
                0x000000000800e760                SVC_Handler
 .text.prvPortStartFirstTask
                0x000000000800e788       0x2c ./Third_Party/FreeRTOS/portable/GCC/ARM_CM4F/port.o
 .text.xPortStartScheduler
                0x000000000800e7b4      0x144 ./Third_Party/FreeRTOS/portable/GCC/ARM_CM4F/port.o
                0x000000000800e7b4                xPortStartScheduler
 .text.vPortEnterCritical
                0x000000000800e8f8       0x60 ./Third_Party/FreeRTOS/portable/GCC/ARM_CM4F/port.o
                0x000000000800e8f8                vPortEnterCritical
 .text.vPortExitCritical
                0x000000000800e958       0x54 ./Third_Party/FreeRTOS/portable/GCC/ARM_CM4F/port.o
                0x000000000800e958                vPortExitCritical
 *fill*         0x000000000800e9ac        0x4 
 .text.PendSV_Handler
                0x000000000800e9b0       0x68 ./Third_Party/FreeRTOS/portable/GCC/ARM_CM4F/port.o
                0x000000000800e9b0                PendSV_Handler
 .text.SysTick_Handler
                0x000000000800ea18       0x44 ./Third_Party/FreeRTOS/portable/GCC/ARM_CM4F/port.o
                0x000000000800ea18                SysTick_Handler
 .text.vPortSetupTimerInterrupt
                0x000000000800ea5c       0x48 ./Third_Party/FreeRTOS/portable/GCC/ARM_CM4F/port.o
                0x000000000800ea5c                vPortSetupTimerInterrupt
 .text.vPortEnableVFP
                0x000000000800eaa4       0x18 ./Third_Party/FreeRTOS/portable/GCC/ARM_CM4F/port.o
 .text.pvPortMalloc
                0x000000000800eabc      0x1c0 ./Third_Party/FreeRTOS/portable/MemMang/heap_4.o
                0x000000000800eabc                pvPortMalloc
 .text.vPortFree
                0x000000000800ec7c       0xc4 ./Third_Party/FreeRTOS/portable/MemMang/heap_4.o
                0x000000000800ec7c                vPortFree
 .text.prvHeapInit
                0x000000000800ed40       0xc4 ./Third_Party/FreeRTOS/portable/MemMang/heap_4.o
 .text.prvInsertBlockIntoFreeList
                0x000000000800ee04       0xb4 ./Third_Party/FreeRTOS/portable/MemMang/heap_4.o
 .text.__errno  0x000000000800eeb8        0xc c:/st/stm32cubeide_1.12.0/stm32cubeide/plugins/com.st.stm32cube.ide.mcu.externaltools.gnu-tools-for-stm32.10.3-2021.10.win32_1.0.200.202301161003/tools/bin/../lib/gcc/arm-none-eabi/10.3.1/../../../../arm-none-eabi/lib/thumb/v7e-m+fp/hard\libc_nano.a(lib_a-errno.o)
                0x000000000800eeb8                __errno
 .text.__libc_init_array
                0x000000000800eec4       0x48 c:/st/stm32cubeide_1.12.0/stm32cubeide/plugins/com.st.stm32cube.ide.mcu.externaltools.gnu-tools-for-stm32.10.3-2021.10.win32_1.0.200.202301161003/tools/bin/../lib/gcc/arm-none-eabi/10.3.1/../../../../arm-none-eabi/lib/thumb/v7e-m+fp/hard\libc_nano.a(lib_a-init.o)
                0x000000000800eec4                __libc_init_array
 .text.malloc   0x000000000800ef0c       0x10 c:/st/stm32cubeide_1.12.0/stm32cubeide/plugins/com.st.stm32cube.ide.mcu.externaltools.gnu-tools-for-stm32.10.3-2021.10.win32_1.0.200.202301161003/tools/bin/../lib/gcc/arm-none-eabi/10.3.1/../../../../arm-none-eabi/lib/thumb/v7e-m+fp/hard\libc_nano.a(lib_a-malloc.o)
                0x000000000800ef0c                malloc
 .text.free     0x000000000800ef1c       0x10 c:/st/stm32cubeide_1.12.0/stm32cubeide/plugins/com.st.stm32cube.ide.mcu.externaltools.gnu-tools-for-stm32.10.3-2021.10.win32_1.0.200.202301161003/tools/bin/../lib/gcc/arm-none-eabi/10.3.1/../../../../arm-none-eabi/lib/thumb/v7e-m+fp/hard\libc_nano.a(lib_a-malloc.o)
                0x000000000800ef1c                free
 .text.memcpy   0x000000000800ef2c       0x1c c:/st/stm32cubeide_1.12.0/stm32cubeide/plugins/com.st.stm32cube.ide.mcu.externaltools.gnu-tools-for-stm32.10.3-2021.10.win32_1.0.200.202301161003/tools/bin/../lib/gcc/arm-none-eabi/10.3.1/../../../../arm-none-eabi/lib/thumb/v7e-m+fp/hard\libc_nano.a(lib_a-memcpy-stub.o)
                0x000000000800ef2c                memcpy
 .text.memset   0x000000000800ef48       0x10 c:/st/stm32cubeide_1.12.0/stm32cubeide/plugins/com.st.stm32cube.ide.mcu.externaltools.gnu-tools-for-stm32.10.3-2021.10.win32_1.0.200.202301161003/tools/bin/../lib/gcc/arm-none-eabi/10.3.1/../../../../arm-none-eabi/lib/thumb/v7e-m+fp/hard\libc_nano.a(lib_a-memset.o)
                0x000000000800ef48                memset
 .text._free_r  0x000000000800ef58       0x98 c:/st/stm32cubeide_1.12.0/stm32cubeide/plugins/com.st.stm32cube.ide.mcu.externaltools.gnu-tools-for-stm32.10.3-2021.10.win32_1.0.200.202301161003/tools/bin/../lib/gcc/arm-none-eabi/10.3.1/../../../../arm-none-eabi/lib/thumb/v7e-m+fp/hard\libc_nano.a(lib_a-nano-freer.o)
                0x000000000800ef58                _free_r
 .text.sbrk_aligned
                0x000000000800eff0       0x40 c:/st/stm32cubeide_1.12.0/stm32cubeide/plugins/com.st.stm32cube.ide.mcu.externaltools.gnu-tools-for-stm32.10.3-2021.10.win32_1.0.200.202301161003/tools/bin/../lib/gcc/arm-none-eabi/10.3.1/../../../../arm-none-eabi/lib/thumb/v7e-m+fp/hard\libc_nano.a(lib_a-nano-mallocr.o)
 .text._malloc_r
                0x000000000800f030       0xe8 c:/st/stm32cubeide_1.12.0/stm32cubeide/plugins/com.st.stm32cube.ide.mcu.externaltools.gnu-tools-for-stm32.10.3-2021.10.win32_1.0.200.202301161003/tools/bin/../lib/gcc/arm-none-eabi/10.3.1/../../../../arm-none-eabi/lib/thumb/v7e-m+fp/hard\libc_nano.a(lib_a-nano-mallocr.o)
                0x000000000800f030                _malloc_r
 .text.printf   0x000000000800f118       0x30 c:/st/stm32cubeide_1.12.0/stm32cubeide/plugins/com.st.stm32cube.ide.mcu.externaltools.gnu-tools-for-stm32.10.3-2021.10.win32_1.0.200.202301161003/tools/bin/../lib/gcc/arm-none-eabi/10.3.1/../../../../arm-none-eabi/lib/thumb/v7e-m+fp/hard\libc_nano.a(lib_a-printf.o)
                0x000000000800f118                iprintf
                0x000000000800f118                printf
 .text._puts_r  0x000000000800f148       0xdc c:/st/stm32cubeide_1.12.0/stm32cubeide/plugins/com.st.stm32cube.ide.mcu.externaltools.gnu-tools-for-stm32.10.3-2021.10.win32_1.0.200.202301161003/tools/bin/../lib/gcc/arm-none-eabi/10.3.1/../../../../arm-none-eabi/lib/thumb/v7e-m+fp/hard\libc_nano.a(lib_a-puts.o)
                0x000000000800f148                _puts_r
 .text.puts     0x000000000800f224       0x10 c:/st/stm32cubeide_1.12.0/stm32cubeide/plugins/com.st.stm32cube.ide.mcu.externaltools.gnu-tools-for-stm32.10.3-2021.10.win32_1.0.200.202301161003/tools/bin/../lib/gcc/arm-none-eabi/10.3.1/../../../../arm-none-eabi/lib/thumb/v7e-m+fp/hard\libc_nano.a(lib_a-puts.o)
                0x000000000800f224                puts
 .text._sbrk_r  0x000000000800f234       0x20 c:/st/stm32cubeide_1.12.0/stm32cubeide/plugins/com.st.stm32cube.ide.mcu.externaltools.gnu-tools-for-stm32.10.3-2021.10.win32_1.0.200.202301161003/tools/bin/../lib/gcc/arm-none-eabi/10.3.1/../../../../arm-none-eabi/lib/thumb/v7e-m+fp/hard\libc_nano.a(lib_a-sbrkr.o)
                0x000000000800f234                _sbrk_r
 .text.sprintf  0x000000000800f254       0x40 c:/st/stm32cubeide_1.12.0/stm32cubeide/plugins/com.st.stm32cube.ide.mcu.externaltools.gnu-tools-for-stm32.10.3-2021.10.win32_1.0.200.202301161003/tools/bin/../lib/gcc/arm-none-eabi/10.3.1/../../../../arm-none-eabi/lib/thumb/v7e-m+fp/hard\libc_nano.a(lib_a-sprintf.o)
                0x000000000800f254                siprintf
                0x000000000800f254                sprintf
 .text.__swbuf_r
                0x000000000800f294       0xa4 c:/st/stm32cubeide_1.12.0/stm32cubeide/plugins/com.st.stm32cube.ide.mcu.externaltools.gnu-tools-for-stm32.10.3-2021.10.win32_1.0.200.202301161003/tools/bin/../lib/gcc/arm-none-eabi/10.3.1/../../../../arm-none-eabi/lib/thumb/v7e-m+fp/hard\libc_nano.a(lib_a-wbuf.o)
                0x000000000800f294                __swbuf_r
 .text.__swsetup_r
                0x000000000800f338       0xdc c:/st/stm32cubeide_1.12.0/stm32cubeide/plugins/com.st.stm32cube.ide.mcu.externaltools.gnu-tools-for-stm32.10.3-2021.10.win32_1.0.200.202301161003/tools/bin/../lib/gcc/arm-none-eabi/10.3.1/../../../../arm-none-eabi/lib/thumb/v7e-m+fp/hard\libc_nano.a(lib_a-wsetup.o)
                0x000000000800f338                __swsetup_r
 .text.__sflush_r
                0x000000000800f414      0x10c c:/st/stm32cubeide_1.12.0/stm32cubeide/plugins/com.st.stm32cube.ide.mcu.externaltools.gnu-tools-for-stm32.10.3-2021.10.win32_1.0.200.202301161003/tools/bin/../lib/gcc/arm-none-eabi/10.3.1/../../../../arm-none-eabi/lib/thumb/v7e-m+fp/hard\libc_nano.a(lib_a-fflush.o)
                0x000000000800f414                __sflush_r
 .text._fflush_r
                0x000000000800f520       0x78 c:/st/stm32cubeide_1.12.0/stm32cubeide/plugins/com.st.stm32cube.ide.mcu.externaltools.gnu-tools-for-stm32.10.3-2021.10.win32_1.0.200.202301161003/tools/bin/../lib/gcc/arm-none-eabi/10.3.1/../../../../arm-none-eabi/lib/thumb/v7e-m+fp/hard\libc_nano.a(lib_a-fflush.o)
                0x000000000800f520                _fflush_r
 .text.std      0x000000000800f598       0x48 c:/st/stm32cubeide_1.12.0/stm32cubeide/plugins/com.st.stm32cube.ide.mcu.externaltools.gnu-tools-for-stm32.10.3-2021.10.win32_1.0.200.202301161003/tools/bin/../lib/gcc/arm-none-eabi/10.3.1/../../../../arm-none-eabi/lib/thumb/v7e-m+fp/hard\libc_nano.a(lib_a-findfp.o)
 .text._cleanup_r
                0x000000000800f5e0        0xc c:/st/stm32cubeide_1.12.0/stm32cubeide/plugins/com.st.stm32cube.ide.mcu.externaltools.gnu-tools-for-stm32.10.3-2021.10.win32_1.0.200.202301161003/tools/bin/../lib/gcc/arm-none-eabi/10.3.1/../../../../arm-none-eabi/lib/thumb/v7e-m+fp/hard\libc_nano.a(lib_a-findfp.o)
                0x000000000800f5e0                _cleanup_r
 .text.__sfmoreglue
                0x000000000800f5ec       0x2c c:/st/stm32cubeide_1.12.0/stm32cubeide/plugins/com.st.stm32cube.ide.mcu.externaltools.gnu-tools-for-stm32.10.3-2021.10.win32_1.0.200.202301161003/tools/bin/../lib/gcc/arm-none-eabi/10.3.1/../../../../arm-none-eabi/lib/thumb/v7e-m+fp/hard\libc_nano.a(lib_a-findfp.o)
                0x000000000800f5ec                __sfmoreglue
 .text.__sfp_lock_acquire
                0x000000000800f618        0xc c:/st/stm32cubeide_1.12.0/stm32cubeide/plugins/com.st.stm32cube.ide.mcu.externaltools.gnu-tools-for-stm32.10.3-2021.10.win32_1.0.200.202301161003/tools/bin/../lib/gcc/arm-none-eabi/10.3.1/../../../../arm-none-eabi/lib/thumb/v7e-m+fp/hard\libc_nano.a(lib_a-findfp.o)
                0x000000000800f618                __sfp_lock_acquire
 .text.__sfp_lock_release
                0x000000000800f624        0xc c:/st/stm32cubeide_1.12.0/stm32cubeide/plugins/com.st.stm32cube.ide.mcu.externaltools.gnu-tools-for-stm32.10.3-2021.10.win32_1.0.200.202301161003/tools/bin/../lib/gcc/arm-none-eabi/10.3.1/../../../../arm-none-eabi/lib/thumb/v7e-m+fp/hard\libc_nano.a(lib_a-findfp.o)
                0x000000000800f624                __sfp_lock_release
 .text.__sinit_lock_acquire
                0x000000000800f630        0xc c:/st/stm32cubeide_1.12.0/stm32cubeide/plugins/com.st.stm32cube.ide.mcu.externaltools.gnu-tools-for-stm32.10.3-2021.10.win32_1.0.200.202301161003/tools/bin/../lib/gcc/arm-none-eabi/10.3.1/../../../../arm-none-eabi/lib/thumb/v7e-m+fp/hard\libc_nano.a(lib_a-findfp.o)
                0x000000000800f630                __sinit_lock_acquire
 .text.__sinit_lock_release
                0x000000000800f63c        0xc c:/st/stm32cubeide_1.12.0/stm32cubeide/plugins/com.st.stm32cube.ide.mcu.externaltools.gnu-tools-for-stm32.10.3-2021.10.win32_1.0.200.202301161003/tools/bin/../lib/gcc/arm-none-eabi/10.3.1/../../../../arm-none-eabi/lib/thumb/v7e-m+fp/hard\libc_nano.a(lib_a-findfp.o)
                0x000000000800f63c                __sinit_lock_release
 .text.__sinit  0x000000000800f648       0x70 c:/st/stm32cubeide_1.12.0/stm32cubeide/plugins/com.st.stm32cube.ide.mcu.externaltools.gnu-tools-for-stm32.10.3-2021.10.win32_1.0.200.202301161003/tools/bin/../lib/gcc/arm-none-eabi/10.3.1/../../../../arm-none-eabi/lib/thumb/v7e-m+fp/hard\libc_nano.a(lib_a-findfp.o)
                0x000000000800f648                __sinit
 .text.__sfp    0x000000000800f6b8       0x8c c:/st/stm32cubeide_1.12.0/stm32cubeide/plugins/com.st.stm32cube.ide.mcu.externaltools.gnu-tools-for-stm32.10.3-2021.10.win32_1.0.200.202301161003/tools/bin/../lib/gcc/arm-none-eabi/10.3.1/../../../../arm-none-eabi/lib/thumb/v7e-m+fp/hard\libc_nano.a(lib_a-findfp.o)
                0x000000000800f6b8                __sfp
 .text._fwalk_reent
                0x000000000800f744       0x3e c:/st/stm32cubeide_1.12.0/stm32cubeide/plugins/com.st.stm32cube.ide.mcu.externaltools.gnu-tools-for-stm32.10.3-2021.10.win32_1.0.200.202301161003/tools/bin/../lib/gcc/arm-none-eabi/10.3.1/../../../../arm-none-eabi/lib/thumb/v7e-m+fp/hard\libc_nano.a(lib_a-fwalk.o)
                0x000000000800f744                _fwalk_reent
 .text.__retarget_lock_init_recursive
                0x000000000800f782        0x2 c:/st/stm32cubeide_1.12.0/stm32cubeide/plugins/com.st.stm32cube.ide.mcu.externaltools.gnu-tools-for-stm32.10.3-2021.10.win32_1.0.200.202301161003/tools/bin/../lib/gcc/arm-none-eabi/10.3.1/../../../../arm-none-eabi/lib/thumb/v7e-m+fp/hard\libc_nano.a(lib_a-lock.o)
                0x000000000800f782                __retarget_lock_init_recursive
 .text.__retarget_lock_acquire_recursive
                0x000000000800f784        0x2 c:/st/stm32cubeide_1.12.0/stm32cubeide/plugins/com.st.stm32cube.ide.mcu.externaltools.gnu-tools-for-stm32.10.3-2021.10.win32_1.0.200.202301161003/tools/bin/../lib/gcc/arm-none-eabi/10.3.1/../../../../arm-none-eabi/lib/thumb/v7e-m+fp/hard\libc_nano.a(lib_a-lock.o)
                0x000000000800f784                __retarget_lock_acquire_recursive
 .text.__retarget_lock_release_recursive
                0x000000000800f786        0x2 c:/st/stm32cubeide_1.12.0/stm32cubeide/plugins/com.st.stm32cube.ide.mcu.externaltools.gnu-tools-for-stm32.10.3-2021.10.win32_1.0.200.202301161003/tools/bin/../lib/gcc/arm-none-eabi/10.3.1/../../../../arm-none-eabi/lib/thumb/v7e-m+fp/hard\libc_nano.a(lib_a-lock.o)
                0x000000000800f786                __retarget_lock_release_recursive
 .text.__swhatbuf_r
                0x000000000800f788       0x4a c:/st/stm32cubeide_1.12.0/stm32cubeide/plugins/com.st.stm32cube.ide.mcu.externaltools.gnu-tools-for-stm32.10.3-2021.10.win32_1.0.200.202301161003/tools/bin/../lib/gcc/arm-none-eabi/10.3.1/../../../../arm-none-eabi/lib/thumb/v7e-m+fp/hard\libc_nano.a(lib_a-makebuf.o)
                0x000000000800f788                __swhatbuf_r
 *fill*         0x000000000800f7d2        0x2 
 .text.__smakebuf_r
                0x000000000800f7d4       0x80 c:/st/stm32cubeide_1.12.0/stm32cubeide/plugins/com.st.stm32cube.ide.mcu.externaltools.gnu-tools-for-stm32.10.3-2021.10.win32_1.0.200.202301161003/tools/bin/../lib/gcc/arm-none-eabi/10.3.1/../../../../arm-none-eabi/lib/thumb/v7e-m+fp/hard\libc_nano.a(lib_a-makebuf.o)
                0x000000000800f7d4                __smakebuf_r
 .text.__malloc_lock
                0x000000000800f854        0xc c:/st/stm32cubeide_1.12.0/stm32cubeide/plugins/com.st.stm32cube.ide.mcu.externaltools.gnu-tools-for-stm32.10.3-2021.10.win32_1.0.200.202301161003/tools/bin/../lib/gcc/arm-none-eabi/10.3.1/../../../../arm-none-eabi/lib/thumb/v7e-m+fp/hard\libc_nano.a(lib_a-mlock.o)
                0x000000000800f854                __malloc_lock
 .text.__malloc_unlock
                0x000000000800f860        0xc c:/st/stm32cubeide_1.12.0/stm32cubeide/plugins/com.st.stm32cube.ide.mcu.externaltools.gnu-tools-for-stm32.10.3-2021.10.win32_1.0.200.202301161003/tools/bin/../lib/gcc/arm-none-eabi/10.3.1/../../../../arm-none-eabi/lib/thumb/v7e-m+fp/hard\libc_nano.a(lib_a-mlock.o)
                0x000000000800f860                __malloc_unlock
 .text.__ssputs_r
                0x000000000800f86c       0xb6 c:/st/stm32cubeide_1.12.0/stm32cubeide/plugins/com.st.stm32cube.ide.mcu.externaltools.gnu-tools-for-stm32.10.3-2021.10.win32_1.0.200.202301161003/tools/bin/../lib/gcc/arm-none-eabi/10.3.1/../../../../arm-none-eabi/lib/thumb/v7e-m+fp/hard\libc_nano.a(lib_a-nano-svfprintf.o)
                0x000000000800f86c                __ssputs_r
 *fill*         0x000000000800f922        0x2 
 .text._svfprintf_r
                0x000000000800f924      0x200 c:/st/stm32cubeide_1.12.0/stm32cubeide/plugins/com.st.stm32cube.ide.mcu.externaltools.gnu-tools-for-stm32.10.3-2021.10.win32_1.0.200.202301161003/tools/bin/../lib/gcc/arm-none-eabi/10.3.1/../../../../arm-none-eabi/lib/thumb/v7e-m+fp/hard\libc_nano.a(lib_a-nano-svfprintf.o)
                0x000000000800f924                _svfiprintf_r
                0x000000000800f924                _svfprintf_r
 .text.__sfputc_r
                0x000000000800fb24       0x2e c:/st/stm32cubeide_1.12.0/stm32cubeide/plugins/com.st.stm32cube.ide.mcu.externaltools.gnu-tools-for-stm32.10.3-2021.10.win32_1.0.200.202301161003/tools/bin/../lib/gcc/arm-none-eabi/10.3.1/../../../../arm-none-eabi/lib/thumb/v7e-m+fp/hard\libc_nano.a(lib_a-nano-vfprintf.o)
 .text.__sfputs_r
                0x000000000800fb52       0x24 c:/st/stm32cubeide_1.12.0/stm32cubeide/plugins/com.st.stm32cube.ide.mcu.externaltools.gnu-tools-for-stm32.10.3-2021.10.win32_1.0.200.202301161003/tools/bin/../lib/gcc/arm-none-eabi/10.3.1/../../../../arm-none-eabi/lib/thumb/v7e-m+fp/hard\libc_nano.a(lib_a-nano-vfprintf.o)
                0x000000000800fb52                __sfputs_r
 *fill*         0x000000000800fb76        0x2 
 .text._vfprintf_r
                0x000000000800fb78      0x260 c:/st/stm32cubeide_1.12.0/stm32cubeide/plugins/com.st.stm32cube.ide.mcu.externaltools.gnu-tools-for-stm32.10.3-2021.10.win32_1.0.200.202301161003/tools/bin/../lib/gcc/arm-none-eabi/10.3.1/../../../../arm-none-eabi/lib/thumb/v7e-m+fp/hard\libc_nano.a(lib_a-nano-vfprintf.o)
                0x000000000800fb78                _vfprintf_r
                0x000000000800fb78                _vfiprintf_r
 .text._printf_common
                0x000000000800fdd8       0xda c:/st/stm32cubeide_1.12.0/stm32cubeide/plugins/com.st.stm32cube.ide.mcu.externaltools.gnu-tools-for-stm32.10.3-2021.10.win32_1.0.200.202301161003/tools/bin/../lib/gcc/arm-none-eabi/10.3.1/../../../../arm-none-eabi/lib/thumb/v7e-m+fp/hard\libc_nano.a(lib_a-nano-vfprintf_i.o)
                0x000000000800fdd8                _printf_common
 *fill*         0x000000000800feb2        0x2 
 .text._printf_i
                0x000000000800feb4      0x24c c:/st/stm32cubeide_1.12.0/stm32cubeide/plugins/com.st.stm32cube.ide.mcu.externaltools.gnu-tools-for-stm32.10.3-2021.10.win32_1.0.200.202301161003/tools/bin/../lib/gcc/arm-none-eabi/10.3.1/../../../../arm-none-eabi/lib/thumb/v7e-m+fp/hard\libc_nano.a(lib_a-nano-vfprintf_i.o)
                0x000000000800feb4                _printf_i
 .text.__sread  0x0000000008010100       0x22 c:/st/stm32cubeide_1.12.0/stm32cubeide/plugins/com.st.stm32cube.ide.mcu.externaltools.gnu-tools-for-stm32.10.3-2021.10.win32_1.0.200.202301161003/tools/bin/../lib/gcc/arm-none-eabi/10.3.1/../../../../arm-none-eabi/lib/thumb/v7e-m+fp/hard\libc_nano.a(lib_a-stdio.o)
                0x0000000008010100                __sread
 .text.__swrite
                0x0000000008010122       0x38 c:/st/stm32cubeide_1.12.0/stm32cubeide/plugins/com.st.stm32cube.ide.mcu.externaltools.gnu-tools-for-stm32.10.3-2021.10.win32_1.0.200.202301161003/tools/bin/../lib/gcc/arm-none-eabi/10.3.1/../../../../arm-none-eabi/lib/thumb/v7e-m+fp/hard\libc_nano.a(lib_a-stdio.o)
                0x0000000008010122                __swrite
 .text.__sseek  0x000000000801015a       0x24 c:/st/stm32cubeide_1.12.0/stm32cubeide/plugins/com.st.stm32cube.ide.mcu.externaltools.gnu-tools-for-stm32.10.3-2021.10.win32_1.0.200.202301161003/tools/bin/../lib/gcc/arm-none-eabi/10.3.1/../../../../arm-none-eabi/lib/thumb/v7e-m+fp/hard\libc_nano.a(lib_a-stdio.o)
                0x000000000801015a                __sseek
 .text.__sclose
                0x000000000801017e        0x8 c:/st/stm32cubeide_1.12.0/stm32cubeide/plugins/com.st.stm32cube.ide.mcu.externaltools.gnu-tools-for-stm32.10.3-2021.10.win32_1.0.200.202301161003/tools/bin/../lib/gcc/arm-none-eabi/10.3.1/../../../../arm-none-eabi/lib/thumb/v7e-m+fp/hard\libc_nano.a(lib_a-stdio.o)
                0x000000000801017e                __sclose
 *fill*         0x0000000008010186        0x2 
 .text._write_r
                0x0000000008010188       0x24 c:/st/stm32cubeide_1.12.0/stm32cubeide/plugins/com.st.stm32cube.ide.mcu.externaltools.gnu-tools-for-stm32.10.3-2021.10.win32_1.0.200.202301161003/tools/bin/../lib/gcc/arm-none-eabi/10.3.1/../../../../arm-none-eabi/lib/thumb/v7e-m+fp/hard\libc_nano.a(lib_a-writer.o)
                0x0000000008010188                _write_r
 .text._close_r
                0x00000000080101ac       0x20 c:/st/stm32cubeide_1.12.0/stm32cubeide/plugins/com.st.stm32cube.ide.mcu.externaltools.gnu-tools-for-stm32.10.3-2021.10.win32_1.0.200.202301161003/tools/bin/../lib/gcc/arm-none-eabi/10.3.1/../../../../arm-none-eabi/lib/thumb/v7e-m+fp/hard\libc_nano.a(lib_a-closer.o)
                0x00000000080101ac                _close_r
 .text._fstat_r
                0x00000000080101cc       0x24 c:/st/stm32cubeide_1.12.0/stm32cubeide/plugins/com.st.stm32cube.ide.mcu.externaltools.gnu-tools-for-stm32.10.3-2021.10.win32_1.0.200.202301161003/tools/bin/../lib/gcc/arm-none-eabi/10.3.1/../../../../arm-none-eabi/lib/thumb/v7e-m+fp/hard\libc_nano.a(lib_a-fstatr.o)
                0x00000000080101cc                _fstat_r
 .text._isatty_r
                0x00000000080101f0       0x20 c:/st/stm32cubeide_1.12.0/stm32cubeide/plugins/com.st.stm32cube.ide.mcu.externaltools.gnu-tools-for-stm32.10.3-2021.10.win32_1.0.200.202301161003/tools/bin/../lib/gcc/arm-none-eabi/10.3.1/../../../../arm-none-eabi/lib/thumb/v7e-m+fp/hard\libc_nano.a(lib_a-isattyr.o)
                0x00000000080101f0                _isatty_r
 .text._lseek_r
                0x0000000008010210       0x24 c:/st/stm32cubeide_1.12.0/stm32cubeide/plugins/com.st.stm32cube.ide.mcu.externaltools.gnu-tools-for-stm32.10.3-2021.10.win32_1.0.200.202301161003/tools/bin/../lib/gcc/arm-none-eabi/10.3.1/../../../../arm-none-eabi/lib/thumb/v7e-m+fp/hard\libc_nano.a(lib_a-lseekr.o)
                0x0000000008010210                _lseek_r
 .text.memmove  0x0000000008010234       0x34 c:/st/stm32cubeide_1.12.0/stm32cubeide/plugins/com.st.stm32cube.ide.mcu.externaltools.gnu-tools-for-stm32.10.3-2021.10.win32_1.0.200.202301161003/tools/bin/../lib/gcc/arm-none-eabi/10.3.1/../../../../arm-none-eabi/lib/thumb/v7e-m+fp/hard\libc_nano.a(lib_a-memmove.o)
                0x0000000008010234                memmove
 .text._realloc_r
                0x0000000008010268       0x5e c:/st/stm32cubeide_1.12.0/stm32cubeide/plugins/com.st.stm32cube.ide.mcu.externaltools.gnu-tools-for-stm32.10.3-2021.10.win32_1.0.200.202301161003/tools/bin/../lib/gcc/arm-none-eabi/10.3.1/../../../../arm-none-eabi/lib/thumb/v7e-m+fp/hard\libc_nano.a(lib_a-nano-reallocr.o)
                0x0000000008010268                _realloc_r
 *fill*         0x00000000080102c6        0x2 
 .text._read_r  0x00000000080102c8       0x24 c:/st/stm32cubeide_1.12.0/stm32cubeide/plugins/com.st.stm32cube.ide.mcu.externaltools.gnu-tools-for-stm32.10.3-2021.10.win32_1.0.200.202301161003/tools/bin/../lib/gcc/arm-none-eabi/10.3.1/../../../../arm-none-eabi/lib/thumb/v7e-m+fp/hard\libc_nano.a(lib_a-readr.o)
                0x00000000080102c8                _read_r
 .text._malloc_usable_size_r
                0x00000000080102ec       0x10 c:/st/stm32cubeide_1.12.0/stm32cubeide/plugins/com.st.stm32cube.ide.mcu.externaltools.gnu-tools-for-stm32.10.3-2021.10.win32_1.0.200.202301161003/tools/bin/../lib/gcc/arm-none-eabi/10.3.1/../../../../arm-none-eabi/lib/thumb/v7e-m+fp/hard\libc_nano.a(lib_a-nano-msizer.o)
                0x00000000080102ec                _malloc_usable_size_r
 .text.pow      0x00000000080102fc       0xe0 c:/st/stm32cubeide_1.12.0/stm32cubeide/plugins/com.st.stm32cube.ide.mcu.externaltools.gnu-tools-for-stm32.10.3-2021.10.win32_1.0.200.202301161003/tools/bin/../lib/gcc/arm-none-eabi/10.3.1/../../../../arm-none-eabi/lib/thumb/v7e-m+fp/hard\libm.a(lib_a-w_pow.o)
                0x00000000080102fc                pow
 .text.sqrt     0x00000000080103dc       0x58 c:/st/stm32cubeide_1.12.0/stm32cubeide/plugins/com.st.stm32cube.ide.mcu.externaltools.gnu-tools-for-stm32.10.3-2021.10.win32_1.0.200.202301161003/tools/bin/../lib/gcc/arm-none-eabi/10.3.1/../../../../arm-none-eabi/lib/thumb/v7e-m+fp/hard\libm.a(lib_a-w_sqrt.o)
                0x00000000080103dc                sqrt
 *fill*         0x0000000008010434        0x4 
 .text.__ieee754_pow
                0x0000000008010438      0xa5c c:/st/stm32cubeide_1.12.0/stm32cubeide/plugins/com.st.stm32cube.ide.mcu.externaltools.gnu-tools-for-stm32.10.3-2021.10.win32_1.0.200.202301161003/tools/bin/../lib/gcc/arm-none-eabi/10.3.1/../../../../arm-none-eabi/lib/thumb/v7e-m+fp/hard\libm.a(lib_a-e_pow.o)
                0x0000000008010438                __ieee754_pow
 .text.__ieee754_sqrt
                0x0000000008010e94      0x164 c:/st/stm32cubeide_1.12.0/stm32cubeide/plugins/com.st.stm32cube.ide.mcu.externaltools.gnu-tools-for-stm32.10.3-2021.10.win32_1.0.200.202301161003/tools/bin/../lib/gcc/arm-none-eabi/10.3.1/../../../../arm-none-eabi/lib/thumb/v7e-m+fp/hard\libm.a(lib_a-e_sqrt.o)
                0x0000000008010e94                __ieee754_sqrt
 .text.with_errno
                0x0000000008010ff8       0x14 c:/st/stm32cubeide_1.12.0/stm32cubeide/plugins/com.st.stm32cube.ide.mcu.externaltools.gnu-tools-for-stm32.10.3-2021.10.win32_1.0.200.202301161003/tools/bin/../lib/gcc/arm-none-eabi/10.3.1/../../../../arm-none-eabi/lib/thumb/v7e-m+fp/hard\libm.a(lib_a-math_err.o)
 .text.xflow    0x000000000801100c       0x28 c:/st/stm32cubeide_1.12.0/stm32cubeide/plugins/com.st.stm32cube.ide.mcu.externaltools.gnu-tools-for-stm32.10.3-2021.10.win32_1.0.200.202301161003/tools/bin/../lib/gcc/arm-none-eabi/10.3.1/../../../../arm-none-eabi/lib/thumb/v7e-m+fp/hard\libm.a(lib_a-math_err.o)
 .text.__math_uflow
                0x0000000008011034       0x12 c:/st/stm32cubeide_1.12.0/stm32cubeide/plugins/com.st.stm32cube.ide.mcu.externaltools.gnu-tools-for-stm32.10.3-2021.10.win32_1.0.200.202301161003/tools/bin/../lib/gcc/arm-none-eabi/10.3.1/../../../../arm-none-eabi/lib/thumb/v7e-m+fp/hard\libm.a(lib_a-math_err.o)
                0x0000000008011034                __math_uflow
 .text.__math_oflow
                0x0000000008011046       0x12 c:/st/stm32cubeide_1.12.0/stm32cubeide/plugins/com.st.stm32cube.ide.mcu.externaltools.gnu-tools-for-stm32.10.3-2021.10.win32_1.0.200.202301161003/tools/bin/../lib/gcc/arm-none-eabi/10.3.1/../../../../arm-none-eabi/lib/thumb/v7e-m+fp/hard\libm.a(lib_a-math_err.o)
                0x0000000008011046                __math_oflow
 .text.fabs     0x0000000008011058       0x12 c:/st/stm32cubeide_1.12.0/stm32cubeide/plugins/com.st.stm32cube.ide.mcu.externaltools.gnu-tools-for-stm32.10.3-2021.10.win32_1.0.200.202301161003/tools/bin/../lib/gcc/arm-none-eabi/10.3.1/../../../../arm-none-eabi/lib/thumb/v7e-m+fp/hard\libm.a(lib_a-s_fabs.o)
                0x0000000008011058                fabs
 .text.finite   0x000000000801106a       0x16 c:/st/stm32cubeide_1.12.0/stm32cubeide/plugins/com.st.stm32cube.ide.mcu.externaltools.gnu-tools-for-stm32.10.3-2021.10.win32_1.0.200.202301161003/tools/bin/../lib/gcc/arm-none-eabi/10.3.1/../../../../arm-none-eabi/lib/thumb/v7e-m+fp/hard\libm.a(lib_a-s_finite.o)
                0x000000000801106a                finite
 .text.scalbn   0x0000000008011080      0x10c c:/st/stm32cubeide_1.12.0/stm32cubeide/plugins/com.st.stm32cube.ide.mcu.externaltools.gnu-tools-for-stm32.10.3-2021.10.win32_1.0.200.202301161003/tools/bin/../lib/gcc/arm-none-eabi/10.3.1/../../../../arm-none-eabi/lib/thumb/v7e-m+fp/hard\libm.a(lib_a-s_scalbn.o)
                0x0000000008011080                scalbn
 *(.glue_7)
 .glue_7        0x000000000801118c        0x0 linker stubs
 *(.glue_7t)
 .glue_7t       0x000000000801118c        0x0 linker stubs
 *(.eh_frame)