../Core/Inc/bno055_stm32.h:19:6:bno055_assignI2C	16	static
../Core/Inc/bno055_stm32.h:23:6:bno055_delay	16	static
../Core/Inc/bno055_stm32.h:31:6:bno055_writeData	40	static
../Core/Inc/bno055_stm32.h:95:6:bno055_readData	24	static
../Core/Src/main.c:183:5:main	48	static,ignoring_inline_asm
../Core/Src/main.c:303:6:SystemClock_Config	88	static
../Core/Src/main.c:350:13:MX_I2C1_Init	8	static
../Core/Src/main.c:384:13:MX_I2C2_Init	8	static
../Core/Src/main.c:418:13:MX_SDIO_SD_Init	4	static
../Core/Src/main.c:446:13:MX_SPI1_Init	8	static
../Core/Src/main.c:484:13:MX_SPI2_Init	8	static
../Core/Src/main.c:522:13:MX_USART1_UART_Init	8	static
../Core/Src/main.c:555:13:MX_USART2_UART_Init	8	static
../Core/Src/main.c:586:13:MX_DMA_Init	16	static
../Core/Src/main.c:611:13:MX_GPIO_Init	48	static
../Core/Src/main.c:658:6:StartUARTTask	16	static
../Core/Src/main.c:675:6:StartBME280Task	24	static
../Core/Src/main.c:727:6:StartBNO055Task	24	static
../Core/Src/main.c:796:6:StartGPSTask	16	static
../Core/Src/main.c:817:6:StartIgn1Task	24	static
../Core/Src/main.c:840:6:StartIgn2Task	24	static
../Core/Src/main.c:860:6:StartSDCardTask	16	static
../Core/Src/main.c:879:6:paket	72	static
../Core/Src/main.c:986:15:cs	16	static
../Core/Src/main.c:995:7:calculate_velocity	24	static
../Core/Src/main.c:999:7:calculate_acceleration_magnitude	24	static
../Core/Src/main.c:1013:6:HAL_TIM_PeriodElapsedCallback	16	static
../Core/Src/main.c:1030:6:Error_Handler	4	static,ignoring_inline_asm
